[debug] [2026-06-25T17:18:32.365Z] ----------------------------------------------------------------------
[debug] [2026-06-25T17:18:32.366Z] Command:       /opt/homebrew/Cellar/node@22/22.22.0/bin/node /opt/homebrew/bin/firebase deploy --only functions:chat
[debug] [2026-06-25T17:18:32.366Z] CLI Version:   15.22.2
[debug] [2026-06-25T17:18:32.366Z] Platform:      darwin
[debug] [2026-06-25T17:18:32.366Z] Node Version:  v22.22.0
[debug] [2026-06-25T17:18:32.366Z] Detected Agent: unknown
[debug] [2026-06-25T17:18:32.366Z] Time:          Thu Jun 25 2026 12:18:32 GMT-0500 (Ecuador Time)
[debug] [2026-06-25T17:18:32.366Z] ----------------------------------------------------------------------
[debug] 
[debug] [2026-06-25T17:18:32.901Z] > command requires scopes: ["email","openid","https://www.googleapis.com/auth/cloudplatformprojects.readonly","https://www.googleapis.com/auth/firebase","https://www.googleapis.com/auth/cloud-platform"]
[debug] [2026-06-25T17:18:32.901Z] > authorizing via signed-in user (jorge.perez01epn@gmail.com)
[debug] [2026-06-25T17:18:32.901Z] [iam] checking project greenblock-app for permissions ["cloudfunctions.functions.create","cloudfunctions.functions.delete","cloudfunctions.functions.get","cloudfunctions.functions.list","cloudfunctions.functions.update","cloudfunctions.operations.get","firebase.projects.get"]
[debug] [2026-06-25T17:18:32.902Z] Checked if tokens are valid: true, expires at: 1782410255782
[debug] [2026-06-25T17:18:32.902Z] Checked if tokens are valid: true, expires at: 1782410255782
[debug] [2026-06-25T17:18:32.902Z] >>> [apiv2][query] POST https://cloudresourcemanager.googleapis.com/v1/projects/greenblock-app:testIamPermissions [none]
[debug] [2026-06-25T17:18:32.902Z] >>> [apiv2][(partial)header] POST https://cloudresourcemanager.googleapis.com/v1/projects/greenblock-app:testIamPermissions  x-goog-user-project=greenblock-app
[debug] [2026-06-25T17:18:32.902Z] >>> [apiv2][body] POST https://cloudresourcemanager.googleapis.com/v1/projects/greenblock-app:testIamPermissions {"permissions":["cloudfunctions.functions.create","cloudfunctions.functions.delete","cloudfunctions.functions.get","cloudfunctions.functions.list","cloudfunctions.functions.update","cloudfunctions.operations.get","firebase.projects.get"]}
[debug] [2026-06-25T17:18:33.562Z] <<< [apiv2][status] POST https://cloudresourcemanager.googleapis.com/v1/projects/greenblock-app:testIamPermissions 200
[debug] [2026-06-25T17:18:33.563Z] <<< [apiv2][body] POST https://cloudresourcemanager.googleapis.com/v1/projects/greenblock-app:testIamPermissions {"permissions":["cloudfunctions.functions.create","cloudfunctions.functions.delete","cloudfunctions.functions.get","cloudfunctions.functions.list","cloudfunctions.functions.update","cloudfunctions.operations.get","firebase.projects.get"]}
[debug] [2026-06-25T17:18:33.563Z] Checked if tokens are valid: true, expires at: 1782410255782
[debug] [2026-06-25T17:18:33.563Z] Checked if tokens are valid: true, expires at: 1782410255782
[debug] [2026-06-25T17:18:33.563Z] >>> [apiv2][query] POST https://iam.googleapis.com/v1/projects/greenblock-app/serviceAccounts/greenblock-app@appspot.gserviceaccount.com:testIamPermissions [none]
[debug] [2026-06-25T17:18:33.563Z] >>> [apiv2][body] POST https://iam.googleapis.com/v1/projects/greenblock-app/serviceAccounts/greenblock-app@appspot.gserviceaccount.com:testIamPermissions {"permissions":["iam.serviceAccounts.actAs"]}
[debug] [2026-06-25T17:18:34.161Z] <<< [apiv2][status] POST https://iam.googleapis.com/v1/projects/greenblock-app/serviceAccounts/greenblock-app@appspot.gserviceaccount.com:testIamPermissions 200
[debug] [2026-06-25T17:18:34.161Z] <<< [apiv2][body] POST https://iam.googleapis.com/v1/projects/greenblock-app/serviceAccounts/greenblock-app@appspot.gserviceaccount.com:testIamPermissions {"permissions":["iam.serviceAccounts.actAs"]}
[info] 
[info] === Deploying to 'greenblock-app'...
[info] 
[info] i  deploying functions 
[info] Running command: npm --prefix "$RESOURCE_DIR" run lint
[info] Running command: npm --prefix "$RESOURCE_DIR" run build
[info] ✔  functions: Finished running predeploy script. 
[debug] [2026-06-25T17:18:37.186Z] Checked if tokens are valid: true, expires at: 1782410255782
[debug] [2026-06-25T17:18:37.186Z] Checked if tokens are valid: true, expires at: 1782410255782
[debug] [2026-06-25T17:18:37.186Z] >>> [apiv2][query] GET https://cloudresourcemanager.googleapis.com/v1/projects/greenblock-app [none]
[debug] [2026-06-25T17:18:37.327Z] <<< [apiv2][status] GET https://cloudresourcemanager.googleapis.com/v1/projects/greenblock-app 200
[debug] [2026-06-25T17:18:37.327Z] <<< [apiv2][body] GET https://cloudresourcemanager.googleapis.com/v1/projects/greenblock-app {"projectNumber":"687853390954","projectId":"greenblock-app","lifecycleState":"ACTIVE","name":"greenblock-app","labels":{"firebase":"enabled","firebase-core":"disabled"},"createTime":"2026-06-17T17:23:48.988Z"}
[info] i  functions: preparing codebase default for deployment 
[info] i  functions: ensuring required API cloudfunctions.googleapis.com is enabled... 
[info] i  functions: ensuring required API cloudbuild.googleapis.com is enabled... 
[debug] [2026-06-25T17:18:37.328Z] Checked if tokens are valid: true, expires at: 1782410255782
[debug] [2026-06-25T17:18:37.328Z] Checked if tokens are valid: true, expires at: 1782410255782
[info] i  artifactregistry: ensuring required API artifactregistry.googleapis.com is enabled... 
[debug] [2026-06-25T17:18:37.328Z] Checked if tokens are valid: true, expires at: 1782410255782
[debug] [2026-06-25T17:18:37.329Z] Checked if tokens are valid: true, expires at: 1782410255782
[debug] [2026-06-25T17:18:37.329Z] >>> [apiv2][query] GET https://serviceusage.googleapis.com/v1/projects/greenblock-app/services/cloudbuild.googleapis.com [none]
[debug] [2026-06-25T17:18:37.329Z] >>> [apiv2][(partial)header] GET https://serviceusage.googleapis.com/v1/projects/greenblock-app/services/cloudbuild.googleapis.com  x-goog-user-project=greenblock-app
[debug] [2026-06-25T17:18:37.329Z] >>> [apiv2][query] GET https://serviceusage.googleapis.com/v1/projects/greenblock-app/services/artifactregistry.googleapis.com [none]
[debug] [2026-06-25T17:18:37.329Z] >>> [apiv2][(partial)header] GET https://serviceusage.googleapis.com/v1/projects/greenblock-app/services/artifactregistry.googleapis.com  x-goog-user-project=greenblock-app
[debug] [2026-06-25T17:18:38.180Z] <<< [apiv2][status] GET https://serviceusage.googleapis.com/v1/projects/greenblock-app/services/cloudbuild.googleapis.com 200
[debug] [2026-06-25T17:18:38.181Z] <<< [apiv2][body] GET https://serviceusage.googleapis.com/v1/projects/greenblock-app/services/cloudbuild.googleapis.com [omitted]
[warn] ⚠  functions: missing required API cloudbuild.googleapis.com. Enabling now... 
[debug] [2026-06-25T17:18:38.181Z] Checked if tokens are valid: true, expires at: 1782410255782
[debug] [2026-06-25T17:18:38.181Z] Checked if tokens are valid: true, expires at: 1782410255782
[debug] [2026-06-25T17:18:38.182Z] >>> [apiv2][query] POST https://serviceusage.googleapis.com/v1/projects/greenblock-app/services/cloudbuild.googleapis.com:enable [none]
[debug] [2026-06-25T17:18:38.183Z] >>> [apiv2][(partial)header] POST https://serviceusage.googleapis.com/v1/projects/greenblock-app/services/cloudbuild.googleapis.com:enable  x-goog-user-project=greenblock-app
[debug] [2026-06-25T17:18:38.197Z] <<< [apiv2][status] GET https://serviceusage.googleapis.com/v1/projects/greenblock-app/services/artifactregistry.googleapis.com 200
[debug] [2026-06-25T17:18:38.197Z] <<< [apiv2][body] GET https://serviceusage.googleapis.com/v1/projects/greenblock-app/services/artifactregistry.googleapis.com [omitted]
[warn] ⚠  artifactregistry: missing required API artifactregistry.googleapis.com. Enabling now... 
[debug] [2026-06-25T17:18:38.197Z] Checked if tokens are valid: true, expires at: 1782410255782
[debug] [2026-06-25T17:18:38.197Z] Checked if tokens are valid: true, expires at: 1782410255782
[debug] [2026-06-25T17:18:38.197Z] >>> [apiv2][query] POST https://serviceusage.googleapis.com/v1/projects/greenblock-app/services/artifactregistry.googleapis.com:enable [none]
[debug] [2026-06-25T17:18:38.197Z] >>> [apiv2][(partial)header] POST https://serviceusage.googleapis.com/v1/projects/greenblock-app/services/artifactregistry.googleapis.com:enable  x-goog-user-project=greenblock-app
[debug] [2026-06-25T17:18:38.872Z] <<< [apiv2][status] POST https://serviceusage.googleapis.com/v1/projects/greenblock-app/services/cloudbuild.googleapis.com:enable 200
[debug] [2026-06-25T17:18:38.873Z] <<< [apiv2][body] POST https://serviceusage.googleapis.com/v1/projects/greenblock-app/services/cloudbuild.googleapis.com:enable [omitted]
[debug] [2026-06-25T17:18:38.890Z] <<< [apiv2][status] POST https://serviceusage.googleapis.com/v1/projects/greenblock-app/services/artifactregistry.googleapis.com:enable 200
[debug] [2026-06-25T17:18:38.890Z] <<< [apiv2][body] POST https://serviceusage.googleapis.com/v1/projects/greenblock-app/services/artifactregistry.googleapis.com:enable [omitted]
[debug] [2026-06-25T17:18:48.899Z] Checked if tokens are valid: true, expires at: 1782410255782
[debug] [2026-06-25T17:18:48.899Z] Checked if tokens are valid: true, expires at: 1782410255782
[debug] [2026-06-25T17:18:48.899Z] >>> [apiv2][query] GET https://firebase.googleapis.com/v1beta1/projects/greenblock-app/adminSdkConfig [none]
[debug] [2026-06-25T17:18:49.309Z] <<< [apiv2][status] GET https://firebase.googleapis.com/v1beta1/projects/greenblock-app/adminSdkConfig 200
[debug] [2026-06-25T17:18:49.309Z] <<< [apiv2][body] GET https://firebase.googleapis.com/v1beta1/projects/greenblock-app/adminSdkConfig {"projectId":"greenblock-app","storageBucket":"greenblock-app.firebasestorage.app"}
[debug] [2026-06-25T17:18:49.311Z] Validating nodejs source
[debug] [2026-06-25T17:18:50.059Z] > [functions] package.json contents: {
  "name": "functions",
  "scripts": {
    "lint": "eslint --ext .js,.ts .",
    "build": "tsc",
    "build:watch": "tsc --watch",
    "serve": "npm run build && firebase emulators:start --only functions",
    "shell": "npm run build && firebase functions:shell",
    "start": "npm run shell",
    "deploy": "firebase deploy --only functions",
    "logs": "firebase functions:log"
  },
  "engines": {
    "node": "24"
  },
  "main": "lib/index.js",
  "dependencies": {
    "firebase-admin": "^13.6.0",
    "firebase-functions": "^7.0.0"
  },
  "devDependencies": {
    "@typescript-eslint/eslint-plugin": "^5.12.0",
    "@typescript-eslint/parser": "^5.12.0",
    "eslint": "^8.9.0",
    "eslint-config-google": "^0.14.0",
    "eslint-plugin-import": "^2.25.4",
    "firebase-functions-test": "^3.4.1",
    "typescript": "^6.0.0"
  },
  "private": true
}
[debug] [2026-06-25T17:18:50.060Z] Building nodejs source
[info] i  functions: Loading and analyzing source code for codebase default to determine what to deploy 
[debug] [2026-06-25T17:18:50.060Z] Could not find functions.yaml. Must use http discovery
[debug] [2026-06-25T17:18:50.066Z] Found firebase-functions binary at '/Users/jorge.perez.tw/Documents/Personal/CodeProjectsPersonal/GREENBLOCK/functions/node_modules/.bin/firebase-functions'
[info] Serving at port 8745

[debug] [2026-06-25T17:18:50.519Z] Got response from /__/functions.yaml {"endpoints":{"chat":{"availableMemoryMb":null,"timeoutSeconds":null,"minInstances":null,"maxInstances":10,"ingressSettings":null,"concurrency":null,"serviceAccountEmail":null,"vpc":null,"platform":"gcfv2","secretEnvironmentVariables":[{"key":"OPENROUTER_API_KEY"}],"labels":{},"httpsTrigger":{},"entryPoint":"chat"},"deployContract":{"availableMemoryMb":null,"timeoutSeconds":null,"minInstances":null,"maxInstances":10,"ingressSettings":null,"concurrency":null,"serviceAccountEmail":null,"vpc":null,"platform":"gcfv2","labels":{},"httpsTrigger":{},"entryPoint":"deployContract"},"registerDegradation":{"availableMemoryMb":null,"timeoutSeconds":null,"minInstances":null,"maxInstances":10,"ingressSettings":null,"concurrency":null,"serviceAccountEmail":null,"vpc":null,"platform":"gcfv2","labels":{},"httpsTrigger":{},"entryPoint":"registerDegradation"},"getHistory":{"availableMemoryMb":null,"timeoutSeconds":null,"minInstances":null,"maxInstances":10,"ingressSettings":null,"concurrency":null,"serviceAccountEmail":null,"vpc":null,"platform":"gcfv2","labels":{},"httpsTrigger":{},"entryPoint":"getHistory"},"createOrder":{"availableMemoryMb":null,"timeoutSeconds":null,"minInstances":null,"maxInstances":10,"ingressSettings":null,"concurrency":null,"serviceAccountEmail":null,"vpc":null,"platform":"gcfv2","labels":{},"httpsTrigger":{},"entryPoint":"createOrder"},"updateOrderStatus":{"availableMemoryMb":null,"timeoutSeconds":null,"minInstances":null,"maxInstances":10,"ingressSettings":null,"concurrency":null,"serviceAccountEmail":null,"vpc":null,"platform":"gcfv2","labels":{},"httpsTrigger":{},"entryPoint":"updateOrderStatus"},"getOrders":{"availableMemoryMb":null,"timeoutSeconds":null,"minInstances":null,"maxInstances":10,"ingressSettings":null,"concurrency":null,"serviceAccountEmail":null,"vpc":null,"platform":"gcfv2","labels":{},"httpsTrigger":{},"entryPoint":"getOrders"},"getCourses":{"availableMemoryMb":null,"timeoutSeconds":null,"minInstances":null,"maxInstances":10,"ingressSettings":null,"concurrency":null,"serviceAccountEmail":null,"vpc":null,"platform":"gcfv2","labels":{},"httpsTrigger":{},"entryPoint":"getCourses"},"submitQuizAnswer":{"availableMemoryMb":null,"timeoutSeconds":null,"minInstances":null,"maxInstances":10,"ingressSettings":null,"concurrency":null,"serviceAccountEmail":null,"vpc":null,"platform":"gcfv2","labels":{},"httpsTrigger":{},"entryPoint":"submitQuizAnswer"},"completeCourse":{"availableMemoryMb":null,"timeoutSeconds":null,"minInstances":null,"maxInstances":10,"ingressSettings":null,"concurrency":null,"serviceAccountEmail":null,"vpc":null,"platform":"gcfv2","labels":{},"httpsTrigger":{},"entryPoint":"completeCourse"},"getBalance":{"availableMemoryMb":null,"timeoutSeconds":null,"minInstances":null,"maxInstances":10,"ingressSettings":null,"concurrency":null,"serviceAccountEmail":null,"vpc":null,"platform":"gcfv2","labels":{},"httpsTrigger":{},"entryPoint":"getBalance"},"spendPoints":{"availableMemoryMb":null,"timeoutSeconds":null,"minInstances":null,"maxInstances":10,"ingressSettings":null,"concurrency":null,"serviceAccountEmail":null,"vpc":null,"platform":"gcfv2","labels":{},"httpsTrigger":{},"entryPoint":"spendPoints"},"getTransactions":{"availableMemoryMb":null,"timeoutSeconds":null,"minInstances":null,"maxInstances":10,"ingressSettings":null,"concurrency":null,"serviceAccountEmail":null,"vpc":null,"platform":"gcfv2","labels":{},"httpsTrigger":{},"entryPoint":"getTransactions"},"upgradeAvatar":{"availableMemoryMb":null,"timeoutSeconds":null,"minInstances":null,"maxInstances":10,"ingressSettings":null,"concurrency":null,"serviceAccountEmail":null,"vpc":null,"platform":"gcfv2","labels":{},"httpsTrigger":{},"entryPoint":"upgradeAvatar"},"generateReferralCode":{"availableMemoryMb":null,"timeoutSeconds":null,"minInstances":null,"maxInstances":10,"ingressSettings":null,"concurrency":null,"serviceAccountEmail":null,"vpc":null,"platform":"gcfv2","labels":{},"httpsTrigger":{},"entryPoint":"generateReferralCode"},"applyReferralCode":{"availableMemoryMb":null,"timeoutSeconds":null,"minInstances":null,"maxInstances":10,"ingressSettings":null,"concurrency":null,"serviceAccountEmail":null,"vpc":null,"platform":"gcfv2","labels":{},"httpsTrigger":{},"entryPoint":"applyReferralCode"}},"specVersion":"v1alpha1","requiredAPIs":[],"extensions":{},"params":[{"type":"secret","name":"OPENROUTER_API_KEY"}]}
[debug] [2026-06-25T17:18:54.541Z] Checked if tokens are valid: true, expires at: 1782410255782
[debug] [2026-06-25T17:18:54.541Z] Checked if tokens are valid: true, expires at: 1782410255782
[debug] [2026-06-25T17:18:54.542Z] >>> [apiv2][query] GET https://cloudfunctions.googleapis.com/v1/projects/greenblock-app/locations/-/functions [none]
[debug] [2026-06-25T17:18:55.461Z] <<< [apiv2][status] GET https://cloudfunctions.googleapis.com/v1/projects/greenblock-app/locations/-/functions 200
[debug] [2026-06-25T17:18:55.461Z] <<< [apiv2][body] GET https://cloudfunctions.googleapis.com/v1/projects/greenblock-app/locations/-/functions {}
[debug] [2026-06-25T17:18:55.462Z] Checked if tokens are valid: true, expires at: 1782410255782
[debug] [2026-06-25T17:18:55.462Z] Checked if tokens are valid: true, expires at: 1782410255782
[debug] [2026-06-25T17:18:55.463Z] >>> [apiv2][query] GET https://cloudfunctions.googleapis.com/v2/projects/greenblock-app/locations/-/functions filter=environment%3D%22GEN_2%22
[debug] [2026-06-25T17:18:55.985Z] <<< [apiv2][status] GET https://cloudfunctions.googleapis.com/v2/projects/greenblock-app/locations/-/functions 200
[debug] [2026-06-25T17:18:55.986Z] <<< [apiv2][body] GET https://cloudfunctions.googleapis.com/v2/projects/greenblock-app/locations/-/functions {}
[info] i  extensions: ensuring required API firebaseextensions.googleapis.com is enabled... 
[debug] [2026-06-25T17:18:55.988Z] Checked if tokens are valid: true, expires at: 1782410255782
[debug] [2026-06-25T17:18:55.988Z] Checked if tokens are valid: true, expires at: 1782410255782
[debug] [2026-06-25T17:18:55.988Z] >>> [apiv2][query] GET https://serviceusage.googleapis.com/v1/projects/greenblock-app/services/firebaseextensions.googleapis.com [none]
[debug] [2026-06-25T17:18:55.988Z] >>> [apiv2][(partial)header] GET https://serviceusage.googleapis.com/v1/projects/greenblock-app/services/firebaseextensions.googleapis.com  x-goog-user-project=greenblock-app
[debug] [2026-06-25T17:18:56.739Z] <<< [apiv2][status] GET https://serviceusage.googleapis.com/v1/projects/greenblock-app/services/firebaseextensions.googleapis.com 200
[debug] [2026-06-25T17:18:56.739Z] <<< [apiv2][body] GET https://serviceusage.googleapis.com/v1/projects/greenblock-app/services/firebaseextensions.googleapis.com [omitted]
[warn] ⚠  extensions: missing required API firebaseextensions.googleapis.com. Enabling now... 
[debug] [2026-06-25T17:18:56.740Z] Checked if tokens are valid: true, expires at: 1782410255782
[debug] [2026-06-25T17:18:56.740Z] Checked if tokens are valid: true, expires at: 1782410255782
[debug] [2026-06-25T17:18:56.740Z] >>> [apiv2][query] POST https://serviceusage.googleapis.com/v1/projects/greenblock-app/services/firebaseextensions.googleapis.com:enable [none]
[debug] [2026-06-25T17:18:56.740Z] >>> [apiv2][(partial)header] POST https://serviceusage.googleapis.com/v1/projects/greenblock-app/services/firebaseextensions.googleapis.com:enable  x-goog-user-project=greenblock-app
[debug] [2026-06-25T17:18:57.406Z] <<< [apiv2][status] POST https://serviceusage.googleapis.com/v1/projects/greenblock-app/services/firebaseextensions.googleapis.com:enable 200
[debug] [2026-06-25T17:18:57.406Z] <<< [apiv2][body] POST https://serviceusage.googleapis.com/v1/projects/greenblock-app/services/firebaseextensions.googleapis.com:enable [omitted]
[debug] [2026-06-25T17:19:07.417Z] > command requires scopes: ["email","openid","https://www.googleapis.com/auth/cloudplatformprojects.readonly","https://www.googleapis.com/auth/firebase","https://www.googleapis.com/auth/cloud-platform"]
[debug] [2026-06-25T17:19:07.417Z] > authorizing via signed-in user (jorge.perez01epn@gmail.com)
[debug] [2026-06-25T17:19:07.418Z] [iam] checking project greenblock-app for permissions ["firebase.projects.get","firebaseextensions.instances.list"]
[debug] [2026-06-25T17:19:07.418Z] Checked if tokens are valid: true, expires at: 1782410255782
[debug] [2026-06-25T17:19:07.418Z] Checked if tokens are valid: true, expires at: 1782410255782
[debug] [2026-06-25T17:19:07.418Z] >>> [apiv2][query] POST https://cloudresourcemanager.googleapis.com/v1/projects/greenblock-app:testIamPermissions [none]
[debug] [2026-06-25T17:19:07.419Z] >>> [apiv2][(partial)header] POST https://cloudresourcemanager.googleapis.com/v1/projects/greenblock-app:testIamPermissions  x-goog-user-project=greenblock-app
[debug] [2026-06-25T17:19:07.419Z] >>> [apiv2][body] POST https://cloudresourcemanager.googleapis.com/v1/projects/greenblock-app:testIamPermissions {"permissions":["firebase.projects.get","firebaseextensions.instances.list"]}
[debug] [2026-06-25T17:19:07.975Z] <<< [apiv2][status] POST https://cloudresourcemanager.googleapis.com/v1/projects/greenblock-app:testIamPermissions 200
[debug] [2026-06-25T17:19:07.975Z] <<< [apiv2][body] POST https://cloudresourcemanager.googleapis.com/v1/projects/greenblock-app:testIamPermissions {"permissions":["firebase.projects.get","firebaseextensions.instances.list"]}
[debug] [2026-06-25T17:19:07.976Z] Checked if tokens are valid: true, expires at: 1782410255782
[debug] [2026-06-25T17:19:07.976Z] Checked if tokens are valid: true, expires at: 1782410255782
[debug] [2026-06-25T17:19:07.976Z] >>> [apiv2][query] GET https://firebaseextensions.googleapis.com/v1beta/projects/greenblock-app/instances pageSize=100&pageToken=
[debug] [2026-06-25T17:19:09.972Z] <<< [apiv2][status] GET https://firebaseextensions.googleapis.com/v1beta/projects/greenblock-app/instances 200
[debug] [2026-06-25T17:19:09.972Z] <<< [apiv2][body] GET https://firebaseextensions.googleapis.com/v1beta/projects/greenblock-app/instances {}
[debug] [2026-06-25T17:19:09.975Z] Checked if tokens are valid: true, expires at: 1782410255782
[debug] [2026-06-25T17:19:09.975Z] Checked if tokens are valid: true, expires at: 1782410255782
[debug] [2026-06-25T17:19:09.975Z] >>> [apiv2][query] GET https://secretmanager.googleapis.com/v1/projects/greenblock-app/secrets/OPENROUTER_API_KEY [none]
[debug] [2026-06-25T17:19:10.651Z] <<< [apiv2][status] GET https://secretmanager.googleapis.com/v1/projects/greenblock-app/secrets/OPENROUTER_API_KEY 200
[debug] [2026-06-25T17:19:10.651Z] <<< [apiv2][body] GET https://secretmanager.googleapis.com/v1/projects/greenblock-app/secrets/OPENROUTER_API_KEY {"name":"projects/687853390954/secrets/OPENROUTER_API_KEY","replication":{"automatic":{}},"createTime":"2026-06-25T17:11:56.670508Z","labels":{"firebase-managed":"functions"},"etag":"\"16551716e2cade\""}
[debug] [2026-06-25T17:19:10.651Z] Checked if tokens are valid: true, expires at: 1782410255782
[debug] [2026-06-25T17:19:10.651Z] Checked if tokens are valid: true, expires at: 1782410255782
[debug] [2026-06-25T17:19:10.651Z] >>> [apiv2][query] GET https://secretmanager.googleapis.com/v1/projects/greenblock-app/secrets/OPENROUTER_API_KEY/versions/latest [none]
[debug] [2026-06-25T17:19:10.813Z] <<< [apiv2][status] GET https://secretmanager.googleapis.com/v1/projects/greenblock-app/secrets/OPENROUTER_API_KEY/versions/latest 200
[debug] [2026-06-25T17:19:10.814Z] <<< [apiv2][body] GET https://secretmanager.googleapis.com/v1/projects/greenblock-app/secrets/OPENROUTER_API_KEY/versions/latest {"name":"projects/687853390954/secrets/OPENROUTER_API_KEY/versions/1","createTime":"2026-06-25T17:11:57.447064Z","state":"ENABLED","replicationStatus":{"automatic":{}},"etag":"\"16551716ec2398\""}
[info] i  functions: preparing functions directory for uploading... 
[info] i  functions: packaged /Users/jorge.perez.tw/Documents/Personal/CodeProjectsPersonal/GREENBLOCK/functions (126.22 KB) for uploading 
[info] i  functions: ensuring required API run.googleapis.com is enabled... 
[debug] [2026-06-25T17:19:10.871Z] Checked if tokens are valid: true, expires at: 1782410255782
[debug] [2026-06-25T17:19:10.871Z] Checked if tokens are valid: true, expires at: 1782410255782
[info] i  functions: ensuring required API eventarc.googleapis.com is enabled... 
[debug] [2026-06-25T17:19:10.871Z] Checked if tokens are valid: true, expires at: 1782410255782
[debug] [2026-06-25T17:19:10.871Z] Checked if tokens are valid: true, expires at: 1782410255782
[info] i  functions: ensuring required API pubsub.googleapis.com is enabled... 
[debug] [2026-06-25T17:19:10.871Z] Checked if tokens are valid: true, expires at: 1782410255782
[debug] [2026-06-25T17:19:10.871Z] Checked if tokens are valid: true, expires at: 1782410255782
[info] i  functions: ensuring required API storage.googleapis.com is enabled... 
[debug] [2026-06-25T17:19:10.871Z] Checked if tokens are valid: true, expires at: 1782410255782
[debug] [2026-06-25T17:19:10.871Z] Checked if tokens are valid: true, expires at: 1782410255782
[debug] [2026-06-25T17:19:10.871Z] >>> [apiv2][query] GET https://serviceusage.googleapis.com/v1/projects/687853390954/services/run.googleapis.com [none]
[debug] [2026-06-25T17:19:10.871Z] >>> [apiv2][(partial)header] GET https://serviceusage.googleapis.com/v1/projects/687853390954/services/run.googleapis.com  x-goog-user-project=687853390954
[debug] [2026-06-25T17:19:10.872Z] >>> [apiv2][query] GET https://serviceusage.googleapis.com/v1/projects/687853390954/services/eventarc.googleapis.com [none]
[debug] [2026-06-25T17:19:10.872Z] >>> [apiv2][(partial)header] GET https://serviceusage.googleapis.com/v1/projects/687853390954/services/eventarc.googleapis.com  x-goog-user-project=687853390954
[debug] [2026-06-25T17:19:10.872Z] >>> [apiv2][query] GET https://serviceusage.googleapis.com/v1/projects/687853390954/services/pubsub.googleapis.com [none]
[debug] [2026-06-25T17:19:10.872Z] >>> [apiv2][(partial)header] GET https://serviceusage.googleapis.com/v1/projects/687853390954/services/pubsub.googleapis.com  x-goog-user-project=687853390954
[debug] [2026-06-25T17:19:10.873Z] >>> [apiv2][query] GET https://serviceusage.googleapis.com/v1/projects/687853390954/services/storage.googleapis.com [none]
[debug] [2026-06-25T17:19:10.873Z] >>> [apiv2][(partial)header] GET https://serviceusage.googleapis.com/v1/projects/687853390954/services/storage.googleapis.com  x-goog-user-project=687853390954
[debug] [2026-06-25T17:19:11.749Z] <<< [apiv2][status] GET https://serviceusage.googleapis.com/v1/projects/687853390954/services/eventarc.googleapis.com 200
[debug] [2026-06-25T17:19:11.749Z] <<< [apiv2][body] GET https://serviceusage.googleapis.com/v1/projects/687853390954/services/eventarc.googleapis.com [omitted]
[warn] ⚠  functions: missing required API eventarc.googleapis.com. Enabling now... 
[debug] [2026-06-25T17:19:11.749Z] Checked if tokens are valid: true, expires at: 1782410255782
[debug] [2026-06-25T17:19:11.749Z] Checked if tokens are valid: true, expires at: 1782410255782
[debug] [2026-06-25T17:19:11.749Z] >>> [apiv2][query] POST https://serviceusage.googleapis.com/v1/projects/687853390954/services/eventarc.googleapis.com:enable [none]
[debug] [2026-06-25T17:19:11.749Z] >>> [apiv2][(partial)header] POST https://serviceusage.googleapis.com/v1/projects/687853390954/services/eventarc.googleapis.com:enable  x-goog-user-project=687853390954
[debug] [2026-06-25T17:19:11.750Z] <<< [apiv2][status] GET https://serviceusage.googleapis.com/v1/projects/687853390954/services/pubsub.googleapis.com 200
[debug] [2026-06-25T17:19:11.750Z] <<< [apiv2][body] GET https://serviceusage.googleapis.com/v1/projects/687853390954/services/pubsub.googleapis.com [omitted]
[info] ✔  functions: required API pubsub.googleapis.com is enabled 
[debug] [2026-06-25T17:19:11.761Z] <<< [apiv2][status] GET https://serviceusage.googleapis.com/v1/projects/687853390954/services/run.googleapis.com 200
[debug] [2026-06-25T17:19:11.761Z] <<< [apiv2][body] GET https://serviceusage.googleapis.com/v1/projects/687853390954/services/run.googleapis.com [omitted]
[warn] ⚠  functions: missing required API run.googleapis.com. Enabling now... 
[debug] [2026-06-25T17:19:11.761Z] Checked if tokens are valid: true, expires at: 1782410255782
[debug] [2026-06-25T17:19:11.761Z] Checked if tokens are valid: true, expires at: 1782410255782
[debug] [2026-06-25T17:19:11.761Z] >>> [apiv2][query] POST https://serviceusage.googleapis.com/v1/projects/687853390954/services/run.googleapis.com:enable [none]
[debug] [2026-06-25T17:19:11.761Z] >>> [apiv2][(partial)header] POST https://serviceusage.googleapis.com/v1/projects/687853390954/services/run.googleapis.com:enable  x-goog-user-project=687853390954
[debug] [2026-06-25T17:19:11.762Z] <<< [apiv2][status] GET https://serviceusage.googleapis.com/v1/projects/687853390954/services/storage.googleapis.com 200
[debug] [2026-06-25T17:19:11.762Z] <<< [apiv2][body] GET https://serviceusage.googleapis.com/v1/projects/687853390954/services/storage.googleapis.com [omitted]
[info] ✔  functions: required API storage.googleapis.com is enabled 
[debug] [2026-06-25T17:19:12.417Z] <<< [apiv2][status] POST https://serviceusage.googleapis.com/v1/projects/687853390954/services/eventarc.googleapis.com:enable 200
[debug] [2026-06-25T17:19:12.417Z] <<< [apiv2][body] POST https://serviceusage.googleapis.com/v1/projects/687853390954/services/eventarc.googleapis.com:enable [omitted]
[debug] [2026-06-25T17:19:12.567Z] <<< [apiv2][status] POST https://serviceusage.googleapis.com/v1/projects/687853390954/services/run.googleapis.com:enable 200
[debug] [2026-06-25T17:19:12.567Z] <<< [apiv2][body] POST https://serviceusage.googleapis.com/v1/projects/687853390954/services/run.googleapis.com:enable [omitted]
[info] i  functions: generating the service identity for pubsub.googleapis.com... 
[debug] [2026-06-25T17:19:22.579Z] Checked if tokens are valid: true, expires at: 1782410255782
[debug] [2026-06-25T17:19:22.579Z] Checked if tokens are valid: true, expires at: 1782410255782
[info] i  functions: generating the service identity for eventarc.googleapis.com... 
[debug] [2026-06-25T17:19:22.579Z] Checked if tokens are valid: true, expires at: 1782410255782
[debug] [2026-06-25T17:19:22.579Z] Checked if tokens are valid: true, expires at: 1782410255782
[debug] [2026-06-25T17:19:22.579Z] >>> [apiv2][query] POST https://serviceusage.googleapis.com/v1beta1/projects/687853390954/services/pubsub.googleapis.com:generateServiceIdentity [none]
[debug] [2026-06-25T17:19:22.580Z] >>> [apiv2][(partial)header] POST https://serviceusage.googleapis.com/v1beta1/projects/687853390954/services/pubsub.googleapis.com:generateServiceIdentity  x-goog-user-project=687853390954
[debug] [2026-06-25T17:19:22.580Z] >>> [apiv2][body] POST https://serviceusage.googleapis.com/v1beta1/projects/687853390954/services/pubsub.googleapis.com:generateServiceIdentity {}
[debug] [2026-06-25T17:19:22.582Z] >>> [apiv2][query] POST https://serviceusage.googleapis.com/v1beta1/projects/687853390954/services/eventarc.googleapis.com:generateServiceIdentity [none]
[debug] [2026-06-25T17:19:22.583Z] >>> [apiv2][(partial)header] POST https://serviceusage.googleapis.com/v1beta1/projects/687853390954/services/eventarc.googleapis.com:generateServiceIdentity  x-goog-user-project=687853390954
[debug] [2026-06-25T17:19:22.583Z] >>> [apiv2][body] POST https://serviceusage.googleapis.com/v1beta1/projects/687853390954/services/eventarc.googleapis.com:generateServiceIdentity {}
[debug] [2026-06-25T17:19:23.569Z] <<< [apiv2][status] POST https://serviceusage.googleapis.com/v1beta1/projects/687853390954/services/eventarc.googleapis.com:generateServiceIdentity 200
[debug] [2026-06-25T17:19:23.569Z] <<< [apiv2][body] POST https://serviceusage.googleapis.com/v1beta1/projects/687853390954/services/eventarc.googleapis.com:generateServiceIdentity {"name":"operations/finished.DONE_OPERATION","done":true,"response":{"@type":"type.googleapis.com/google.api.serviceusage.v1beta1.ServiceIdentity","email":"service-687853390954@gcp-sa-eventarc.iam.gserviceaccount.com","uniqueId":"108797351736955029562"}}
[debug] [2026-06-25T17:19:23.679Z] <<< [apiv2][status] POST https://serviceusage.googleapis.com/v1beta1/projects/687853390954/services/pubsub.googleapis.com:generateServiceIdentity 200
[debug] [2026-06-25T17:19:23.679Z] <<< [apiv2][body] POST https://serviceusage.googleapis.com/v1beta1/projects/687853390954/services/pubsub.googleapis.com:generateServiceIdentity {"name":"operations/finished.DONE_OPERATION","done":true,"response":{"@type":"type.googleapis.com/google.api.serviceusage.v1beta1.ServiceIdentity","email":"service-687853390954@gcp-sa-pubsub.iam.gserviceaccount.com","uniqueId":"117747871110176389723"}}
[info] i  functions: ensuring required API secretmanager.googleapis.com is enabled... 
[debug] [2026-06-25T17:19:23.679Z] Checked if tokens are valid: true, expires at: 1782410255782
[debug] [2026-06-25T17:19:23.679Z] Checked if tokens are valid: true, expires at: 1782410255782
[debug] [2026-06-25T17:19:23.679Z] >>> [apiv2][query] GET https://serviceusage.googleapis.com/v1/projects/687853390954/services/secretmanager.googleapis.com [none]
[debug] [2026-06-25T17:19:23.679Z] >>> [apiv2][(partial)header] GET https://serviceusage.googleapis.com/v1/projects/687853390954/services/secretmanager.googleapis.com  x-goog-user-project=687853390954
[debug] [2026-06-25T17:19:24.030Z] <<< [apiv2][status] GET https://serviceusage.googleapis.com/v1/projects/687853390954/services/secretmanager.googleapis.com 200
[debug] [2026-06-25T17:19:24.030Z] <<< [apiv2][body] GET https://serviceusage.googleapis.com/v1/projects/687853390954/services/secretmanager.googleapis.com [omitted]
[info] ✔  functions: required API secretmanager.googleapis.com is enabled 
[debug] [2026-06-25T17:19:24.042Z] Checked if tokens are valid: true, expires at: 1782410255782
[debug] [2026-06-25T17:19:24.043Z] Checked if tokens are valid: true, expires at: 1782410255782
[debug] [2026-06-25T17:19:24.043Z] >>> [apiv2][query] GET https://secretmanager.googleapis.com/v1/projects/greenblock-app/secrets/OPENROUTER_API_KEY/versions/latest [none]
[debug] [2026-06-25T17:19:24.666Z] <<< [apiv2][status] GET https://secretmanager.googleapis.com/v1/projects/greenblock-app/secrets/OPENROUTER_API_KEY/versions/latest 200
[debug] [2026-06-25T17:19:24.666Z] <<< [apiv2][body] GET https://secretmanager.googleapis.com/v1/projects/greenblock-app/secrets/OPENROUTER_API_KEY/versions/latest {"name":"projects/687853390954/secrets/OPENROUTER_API_KEY/versions/1","createTime":"2026-06-25T17:11:57.447064Z","state":"ENABLED","replicationStatus":{"automatic":{}},"etag":"\"16551716ec2398\""}
[debug] [2026-06-25T17:19:24.666Z] Resolved secret version of OPENROUTER_API_KEY to 1.
[debug] [2026-06-25T17:19:24.668Z] Checked if tokens are valid: true, expires at: 1782410255782
[debug] [2026-06-25T17:19:24.668Z] Checked if tokens are valid: true, expires at: 1782410255782
[debug] [2026-06-25T17:19:24.668Z] >>> [apiv2][query] GET https://cloudresourcemanager.googleapis.com/v1/projects/greenblock-app [none]
[debug] [2026-06-25T17:19:25.274Z] <<< [apiv2][status] GET https://cloudresourcemanager.googleapis.com/v1/projects/greenblock-app 200
[debug] [2026-06-25T17:19:25.274Z] <<< [apiv2][body] GET https://cloudresourcemanager.googleapis.com/v1/projects/greenblock-app {"projectNumber":"687853390954","projectId":"greenblock-app","lifecycleState":"ACTIVE","name":"greenblock-app","labels":{"firebase":"enabled","firebase-core":"disabled"},"createTime":"2026-06-17T17:23:48.988Z"}
[debug] [2026-06-25T17:19:25.275Z] Checked if tokens are valid: true, expires at: 1782410255782
[debug] [2026-06-25T17:19:25.275Z] Checked if tokens are valid: true, expires at: 1782410255782
[debug] [2026-06-25T17:19:25.275Z] >>> [apiv2][query] GET https://compute.googleapis.com/compute/v1/projects/687853390954 [none]
[debug] [2026-06-25T17:19:25.608Z] <<< [apiv2][status] GET https://compute.googleapis.com/compute/v1/projects/687853390954 403
[debug] [2026-06-25T17:19:25.608Z] <<< [apiv2][body] GET https://compute.googleapis.com/compute/v1/projects/687853390954 {"error":{"code":403,"message":"Compute Engine API has not been used in project 687853390954 before or it is disabled. Enable it by visiting https://console.developers.google.com/apis/api/compute.googleapis.com/overview?project=687853390954 then retry. If you enabled this API recently, wait a few minutes for the action to propagate to our systems and retry.","errors":[{"message":"Compute Engine API has not been used in project 687853390954 before or it is disabled. Enable it by visiting https://console.developers.google.com/apis/api/compute.googleapis.com/overview?project=687853390954 then retry. If you enabled this API recently, wait a few minutes for the action to propagate to our systems and retry.","domain":"usageLimits","reason":"accessNotConfigured","extendedHelp":"https://console.developers.google.com"}],"status":"PERMISSION_DENIED","details":[{"@type":"type.googleapis.com/google.rpc.ErrorInfo","reason":"SERVICE_DISABLED","domain":"googleapis.com","metadata":{"activationUrl":"https://console.developers.google.com/apis/api/compute.googleapis.com/overview?project=687853390954","service":"compute.googleapis.com","serviceTitle":"Compute Engine API","consumer":"projects/687853390954","containerInfo":"687853390954"}},{"@type":"type.googleapis.com/google.rpc.LocalizedMessage","locale":"en-US","message":"Compute Engine API has not been used in project 687853390954 before or it is disabled. Enable it by visiting https://console.developers.google.com/apis/api/compute.googleapis.com/overview?project=687853390954 then retry. If you enabled this API recently, wait a few minutes for the action to propagate to our systems and retry."},{"@type":"type.googleapis.com/google.rpc.Help","links":[{"description":"Google developers console API activation","url":"https://console.developers.google.com/apis/api/compute.googleapis.com/overview?project=687853390954"}]}]}}
[debug] [2026-06-25T17:19:25.609Z] unable to look up default compute service account. Falling back to 687853390954-compute@developer.gserviceaccount.com. Error: {"name":"FirebaseError","children":[],"context":{"body":{"error":{"code":403,"message":"Compute Engine API has not been used in project 687853390954 before or it is disabled. Enable it by visiting https://console.developers.google.com/apis/api/compute.googleapis.com/overview?project=687853390954 then retry. If you enabled this API recently, wait a few minutes for the action to propagate to our systems and retry.","errors":[{"message":"Compute Engine API has not been used in project 687853390954 before or it is disabled. Enable it by visiting https://console.developers.google.com/apis/api/compute.googleapis.com/overview?project=687853390954 then retry. If you enabled this API recently, wait a few minutes for the action to propagate to our systems and retry.","domain":"usageLimits","reason":"accessNotConfigured","extendedHelp":"https://console.developers.google.com"}],"status":"PERMISSION_DENIED","details":[{"@type":"type.googleapis.com/google.rpc.ErrorInfo","reason":"SERVICE_DISABLED","domain":"googleapis.com","metadata":{"activationUrl":"https://console.developers.google.com/apis/api/compute.googleapis.com/overview?project=687853390954","service":"compute.googleapis.com","serviceTitle":"Compute Engine API","consumer":"projects/687853390954","containerInfo":"687853390954"}},{"@type":"type.googleapis.com/google.rpc.LocalizedMessage","locale":"en-US","message":"Compute Engine API has not been used in project 687853390954 before or it is disabled. Enable it by visiting https://console.developers.google.com/apis/api/compute.googleapis.com/overview?project=687853390954 then retry. If you enabled this API recently, wait a few minutes for the action to propagate to our systems and retry."},{"@type":"type.googleapis.com/google.rpc.Help","links":[{"description":"Google developers console API activation","url":"https://console.developers.google.com/apis/api/compute.googleapis.com/overview?project=687853390954"}]}]}},"response":{"statusCode":403}},"exit":1,"message":"Request to https://compute.googleapis.com/compute/v1/projects/687853390954 had HTTP Error: 403, Compute Engine API has not been used in project 687853390954 before or it is disabled. Enable it by visiting https://console.developers.google.com/apis/api/compute.googleapis.com/overview?project=687853390954 then retry. If you enabled this API recently, wait a few minutes for the action to propagate to our systems and retry.","status":403}
[info] i  functions: ensuring 687853390954-compute@developer.gserviceaccount.com access to secret OPENROUTER_API_KEY. 
[debug] [2026-06-25T17:19:25.609Z] Checked if tokens are valid: true, expires at: 1782410255782
[debug] [2026-06-25T17:19:25.609Z] Checked if tokens are valid: true, expires at: 1782410255782
[debug] [2026-06-25T17:19:25.610Z] >>> [apiv2][query] GET https://secretmanager.googleapis.com/v1/projects/greenblock-app/secrets/OPENROUTER_API_KEY:getIamPolicy [none]
[debug] [2026-06-25T17:19:25.930Z] <<< [apiv2][status] GET https://secretmanager.googleapis.com/v1/projects/greenblock-app/secrets/OPENROUTER_API_KEY:getIamPolicy 200
[debug] [2026-06-25T17:19:25.931Z] <<< [apiv2][body] GET https://secretmanager.googleapis.com/v1/projects/greenblock-app/secrets/OPENROUTER_API_KEY:getIamPolicy {"etag":"ACAB"}
[debug] [2026-06-25T17:19:25.931Z] Checked if tokens are valid: true, expires at: 1782410255782
[debug] [2026-06-25T17:19:25.931Z] Checked if tokens are valid: true, expires at: 1782410255782
[debug] [2026-06-25T17:19:25.931Z] >>> [apiv2][query] POST https://secretmanager.googleapis.com/v1/projects/greenblock-app/secrets/OPENROUTER_API_KEY:setIamPolicy [none]
[debug] [2026-06-25T17:19:25.931Z] >>> [apiv2][body] POST https://secretmanager.googleapis.com/v1/projects/greenblock-app/secrets/OPENROUTER_API_KEY:setIamPolicy {"policy":{"bindings":[{"role":"roles/secretmanager.secretAccessor","members":["serviceAccount:687853390954-compute@developer.gserviceaccount.com"]}]},"updateMask":"bindings"}
[debug] [2026-06-25T17:19:26.588Z] <<< [apiv2][status] POST https://secretmanager.googleapis.com/v1/projects/greenblock-app/secrets/OPENROUTER_API_KEY:setIamPolicy 200
[debug] [2026-06-25T17:19:26.589Z] <<< [apiv2][body] POST https://secretmanager.googleapis.com/v1/projects/greenblock-app/secrets/OPENROUTER_API_KEY:setIamPolicy {"version":1,"etag":"BwZVFzGwaV4=","bindings":[{"role":"roles/secretmanager.secretAccessor","members":["serviceAccount:687853390954-compute@developer.gserviceaccount.com"]}]}
[info] ✔  secretmanager: Granted roles/secretmanager.secretAccessor on projects/greenblock-app/secrets/OPENROUTER_API_KEY to 687853390954-compute@developer.gserviceaccount.com 
[info] ✔  functions: ensured 687853390954-compute@developer.gserviceaccount.com access to OPENROUTER_API_KEY. 
[debug] [2026-06-25T17:19:26.591Z] Checked if tokens are valid: true, expires at: 1782410255782
[debug] [2026-06-25T17:19:26.591Z] Checked if tokens are valid: true, expires at: 1782410255782
[debug] [2026-06-25T17:19:26.591Z] >>> [apiv2][query] GET https://serviceusage.googleapis.com/v1/projects/greenblock-app/services/cloudbilling.googleapis.com [none]
[debug] [2026-06-25T17:19:26.591Z] >>> [apiv2][(partial)header] GET https://serviceusage.googleapis.com/v1/projects/greenblock-app/services/cloudbilling.googleapis.com  x-goog-user-project=greenblock-app
[debug] [2026-06-25T17:19:26.985Z] <<< [apiv2][status] GET https://serviceusage.googleapis.com/v1/projects/greenblock-app/services/cloudbilling.googleapis.com 200
[debug] [2026-06-25T17:19:26.985Z] <<< [apiv2][body] GET https://serviceusage.googleapis.com/v1/projects/greenblock-app/services/cloudbilling.googleapis.com [omitted]
[debug] [2026-06-25T17:19:26.985Z] Checked if tokens are valid: true, expires at: 1782410255782
[debug] [2026-06-25T17:19:26.986Z] Checked if tokens are valid: true, expires at: 1782410255782
[debug] [2026-06-25T17:19:26.986Z] >>> [apiv2][query] POST https://serviceusage.googleapis.com/v1/projects/greenblock-app/services/cloudbilling.googleapis.com:enable [none]
[debug] [2026-06-25T17:19:26.986Z] >>> [apiv2][(partial)header] POST https://serviceusage.googleapis.com/v1/projects/greenblock-app/services/cloudbilling.googleapis.com:enable  x-goog-user-project=greenblock-app
[debug] [2026-06-25T17:19:27.770Z] <<< [apiv2][status] POST https://serviceusage.googleapis.com/v1/projects/greenblock-app/services/cloudbilling.googleapis.com:enable 200
[debug] [2026-06-25T17:19:27.770Z] <<< [apiv2][body] POST https://serviceusage.googleapis.com/v1/projects/greenblock-app/services/cloudbilling.googleapis.com:enable [omitted]
[debug] [2026-06-25T17:19:37.781Z] Checked if tokens are valid: true, expires at: 1782410255782
[debug] [2026-06-25T17:19:37.781Z] Checked if tokens are valid: true, expires at: 1782410255782
[debug] [2026-06-25T17:19:37.781Z] >>> [apiv2][query] GET https://cloudbilling.googleapis.com/v1/projects/greenblock-app/billingInfo [none]
[debug] [2026-06-25T17:19:37.782Z] >>> [apiv2][(partial)header] GET https://cloudbilling.googleapis.com/v1/projects/greenblock-app/billingInfo  x-goog-user-project=greenblock-app
[debug] [2026-06-25T17:19:38.300Z] <<< [apiv2][status] GET https://cloudbilling.googleapis.com/v1/projects/greenblock-app/billingInfo 200
[debug] [2026-06-25T17:19:38.301Z] <<< [apiv2][body] GET https://cloudbilling.googleapis.com/v1/projects/greenblock-app/billingInfo {"name":"projects/greenblock-app/billingInfo","projectId":"greenblock-app","billingAccountName":"billingAccounts/019767-58F108-DD4D8A","billingEnabled":true}
[debug] [2026-06-25T17:19:38.302Z] [functions] found 1 new HTTP functions, testing setIamPolicy permission...
[debug] [2026-06-25T17:19:38.302Z] Checked if tokens are valid: true, expires at: 1782410255782
[debug] [2026-06-25T17:19:38.302Z] Checked if tokens are valid: true, expires at: 1782410255782
[debug] [2026-06-25T17:19:38.302Z] >>> [apiv2][query] POST https://cloudresourcemanager.googleapis.com/v1/projects/greenblock-app:testIamPermissions [none]
[debug] [2026-06-25T17:19:38.302Z] >>> [apiv2][(partial)header] POST https://cloudresourcemanager.googleapis.com/v1/projects/greenblock-app:testIamPermissions  x-goog-user-project=greenblock-app
[debug] [2026-06-25T17:19:38.303Z] >>> [apiv2][body] POST https://cloudresourcemanager.googleapis.com/v1/projects/greenblock-app:testIamPermissions {"permissions":["cloudfunctions.functions.setIamPolicy"]}
[debug] [2026-06-25T17:19:38.875Z] <<< [apiv2][status] POST https://cloudresourcemanager.googleapis.com/v1/projects/greenblock-app:testIamPermissions 200
[debug] [2026-06-25T17:19:38.875Z] <<< [apiv2][body] POST https://cloudresourcemanager.googleapis.com/v1/projects/greenblock-app:testIamPermissions {"permissions":["cloudfunctions.functions.setIamPolicy"]}
[debug] [2026-06-25T17:19:38.875Z] [functions] found setIamPolicy permission, proceeding with deploy
[debug] [2026-06-25T17:19:38.876Z] Checked if tokens are valid: true, expires at: 1782410255782
[debug] [2026-06-25T17:19:38.877Z] Checked if tokens are valid: true, expires at: 1782410255782
[debug] [2026-06-25T17:19:38.877Z] >>> [apiv2][query] POST https://cloudfunctions.googleapis.com/v2/projects/greenblock-app/locations/us-central1/functions:generateUploadUrl [none]
[debug] [2026-06-25T17:19:49.832Z] <<< [apiv2][status] POST https://cloudfunctions.googleapis.com/v2/projects/greenblock-app/locations/us-central1/functions:generateUploadUrl 200
[debug] [2026-06-25T17:19:49.832Z] <<< [apiv2][body] POST https://cloudfunctions.googleapis.com/v2/projects/greenblock-app/locations/us-central1/functions:generateUploadUrl {"uploadUrl":"https://storage.googleapis.com/gcf-v2-uploads-687853390954.us-central1.cloudfunctions.appspot.com/60832159-5b62-4497-a6b4-a2de4a8b9627.zip?GoogleAccessId=service-687853390954@gcf-admin-robot.iam.gserviceaccount.com&Expires=1782409789&Signature=anukRAV7k1LWyfPOc5T2WmfLa12uVX9I1Z%2FJu5raJVlp%2BIjHgyvpO%2BK8ZOHtaon8GTT%2BByOJs%2BNzEsF9YnM3%2BZYJSg7QUp1qr2HLfcLoiaehbaOEe3d9ty7WtLFRqrANy8ayd64JoLWbDKQHBwm7kh5brqeKNza4Q1XpFofjETMxFYsGPcNqBczYgoomIug8Zn%2B81%2BBk7qP4rDKN4jTHN0rMd0VA%2B1SWrNs2T8zLq5oJb%2FQ2mLo30p3qm%2F3FFSB33IhQJY9rSQ%2Bf8hoYdHOoNOCRrLIQ2Oi88DCzVESKF%2BT8VFmt27brK12apyyoauSnD5mT%2BTFmCNL8K9HRxjCluw%3D%3D","storageSource":{"bucket":"gcf-v2-uploads-687853390954.us-central1.cloudfunctions.appspot.com","object":"60832159-5b62-4497-a6b4-a2de4a8b9627.zip"}}
[debug] [2026-06-25T17:19:49.833Z] >>> [apiv2][query] PUT https://storage.googleapis.com/gcf-v2-uploads-687853390954.us-central1.cloudfunctions.appspot.com/60832159-5b62-4497-a6b4-a2de4a8b9627.zip GoogleAccessId=service-687853390954%40gcf-admin-robot.iam.gserviceaccount.com&Expires=1782409789&Signature=anukRAV7k1LWyfPOc5T2WmfLa12uVX9I1Z%2FJu5raJVlp%2BIjHgyvpO%2BK8ZOHtaon8GTT%2BByOJs%2BNzEsF9YnM3%2BZYJSg7QUp1qr2HLfcLoiaehbaOEe3d9ty7WtLFRqrANy8ayd64JoLWbDKQHBwm7kh5brqeKNza4Q1XpFofjETMxFYsGPcNqBczYgoomIug8Zn%2B81%2BBk7qP4rDKN4jTHN0rMd0VA%2B1SWrNs2T8zLq5oJb%2FQ2mLo30p3qm%2F3FFSB33IhQJY9rSQ%2Bf8hoYdHOoNOCRrLIQ2Oi88DCzVESKF%2BT8VFmt27brK12apyyoauSnD5mT%2BTFmCNL8K9HRxjCluw%3D%3D
[debug] [2026-06-25T17:19:49.833Z] >>> [apiv2][body] PUT https://storage.googleapis.com/gcf-v2-uploads-687853390954.us-central1.cloudfunctions.appspot.com/60832159-5b62-4497-a6b4-a2de4a8b9627.zip [stream]
[debug] [2026-06-25T17:19:50.518Z] <<< [apiv2][status] PUT https://storage.googleapis.com/gcf-v2-uploads-687853390954.us-central1.cloudfunctions.appspot.com/60832159-5b62-4497-a6b4-a2de4a8b9627.zip 200
[debug] [2026-06-25T17:19:50.518Z] <<< [apiv2][body] PUT https://storage.googleapis.com/gcf-v2-uploads-687853390954.us-central1.cloudfunctions.appspot.com/60832159-5b62-4497-a6b4-a2de4a8b9627.zip [omitted]
[info] ✔  functions: functions source uploaded successfully 
[info] i  functions: creating Node.js 24 (2nd Gen) function chat(us-central1)... 
[debug] [2026-06-25T17:19:50.522Z] Checked if tokens are valid: true, expires at: 1782410255782
[debug] [2026-06-25T17:19:50.522Z] Checked if tokens are valid: true, expires at: 1782410255782
[debug] [2026-06-25T17:19:50.523Z] >>> [apiv2][query] POST https://cloudfunctions.googleapis.com/v2/projects/greenblock-app/locations/us-central1/functions functionId=chat
[debug] [2026-06-25T17:19:50.523Z] >>> [apiv2][body] POST https://cloudfunctions.googleapis.com/v2/projects/greenblock-app/locations/us-central1/functions {"name":"projects/greenblock-app/locations/us-central1/functions/chat","buildConfig":{"runtime":"nodejs24","entryPoint":"chat","source":{"storageSource":{"bucket":"gcf-v2-uploads-687853390954.us-central1.cloudfunctions.appspot.com","object":"60832159-5b62-4497-a6b4-a2de4a8b9627.zip"}},"environmentVariables":{"GOOGLE_NODE_RUN_SCRIPTS":""}},"serviceConfig":{"environmentVariables":{"FIREBASE_CONFIG":"{\"projectId\":\"greenblock-app\",\"storageBucket\":\"greenblock-app.firebasestorage.app\"}","GCLOUD_PROJECT":"greenblock-app","EVENTARC_CLOUD_EVENT_SOURCE":"projects/greenblock-app/locations/us-central1/services/chat","FUNCTION_TARGET":"chat","LOG_EXECUTION_ID":"true"},"secretEnvironmentVariables":[{"key":"OPENROUTER_API_KEY","secret":"OPENROUTER_API_KEY","projectId":"greenblock-app","version":"1"}],"ingressSettings":null,"timeoutSeconds":null,"serviceAccountEmail":null,"availableMemory":"256Mi","minInstanceCount":null,"maxInstanceCount":10,"maxInstanceRequestConcurrency":80,"availableCpu":"1","vpcConnector":null,"vpcConnectorEgressSettings":null,"directVpcNetworkInterface":null,"directVpcEgress":null},"labels":{"deployment-tool":"cli-firebase","firebase-functions-hash":"cb4eea45354def00312516254dccf6abbb21155a"}}
[debug] [2026-06-25T17:19:52.373Z] <<< [apiv2][status] POST https://cloudfunctions.googleapis.com/v2/projects/greenblock-app/locations/us-central1/functions 200
[debug] [2026-06-25T17:19:52.374Z] <<< [apiv2][body] POST https://cloudfunctions.googleapis.com/v2/projects/greenblock-app/locations/us-central1/functions {"name":"projects/greenblock-app/locations/us-central1/operations/operation-1782407990857-655173323cda5-847bc8ac-1a13e2ea","metadata":{"@type":"type.googleapis.com/google.cloud.functions.v2.OperationMetadata","createTime":"2026-06-25T17:19:52.357795422Z","target":"projects/greenblock-app/locations/us-central1/functions/chat","verb":"create","cancelRequested":false,"apiVersion":"v2"},"done":false}
[debug] [2026-06-25T17:19:52.374Z] Checked if tokens are valid: true, expires at: 1782410255782
[debug] [2026-06-25T17:19:52.374Z] Checked if tokens are valid: true, expires at: 1782410255782
[debug] [2026-06-25T17:19:52.375Z] >>> [apiv2][query] GET https://cloudfunctions.googleapis.com/v2/projects/greenblock-app/locations/us-central1/operations/operation-1782407990857-655173323cda5-847bc8ac-1a13e2ea [none]
[debug] [2026-06-25T17:19:52.688Z] <<< [apiv2][status] GET https://cloudfunctions.googleapis.com/v2/projects/greenblock-app/locations/us-central1/operations/operation-1782407990857-655173323cda5-847bc8ac-1a13e2ea 200
[debug] [2026-06-25T17:19:52.689Z] <<< [apiv2][body] GET https://cloudfunctions.googleapis.com/v2/projects/greenblock-app/locations/us-central1/operations/operation-1782407990857-655173323cda5-847bc8ac-1a13e2ea {"name":"projects/greenblock-app/locations/us-central1/operations/operation-1782407990857-655173323cda5-847bc8ac-1a13e2ea","metadata":{"@type":"type.googleapis.com/google.cloud.functions.v2.OperationMetadata","createTime":"2026-06-25T17:19:52.357795422Z","target":"projects/greenblock-app/locations/us-central1/functions/chat","verb":"create","cancelRequested":false,"apiVersion":"v2"},"done":false}
[debug] [2026-06-25T17:19:53.190Z] [create-default-us-central1-chat] Retrying task index 0
[debug] [2026-06-25T17:19:53.191Z] Checked if tokens are valid: true, expires at: 1782410255782
[debug] [2026-06-25T17:19:53.191Z] Checked if tokens are valid: true, expires at: 1782410255782
[debug] [2026-06-25T17:19:53.191Z] >>> [apiv2][query] GET https://cloudfunctions.googleapis.com/v2/projects/greenblock-app/locations/us-central1/operations/operation-1782407990857-655173323cda5-847bc8ac-1a13e2ea [none]
[debug] [2026-06-25T17:19:53.522Z] <<< [apiv2][status] GET https://cloudfunctions.googleapis.com/v2/projects/greenblock-app/locations/us-central1/operations/operation-1782407990857-655173323cda5-847bc8ac-1a13e2ea 200
[debug] [2026-06-25T17:19:53.522Z] <<< [apiv2][body] GET https://cloudfunctions.googleapis.com/v2/projects/greenblock-app/locations/us-central1/operations/operation-1782407990857-655173323cda5-847bc8ac-1a13e2ea {"name":"projects/greenblock-app/locations/us-central1/operations/operation-1782407990857-655173323cda5-847bc8ac-1a13e2ea","metadata":{"@type":"type.googleapis.com/google.cloud.functions.v2.OperationMetadata","createTime":"2026-06-25T17:19:52.357795422Z","target":"projects/greenblock-app/locations/us-central1/functions/chat","verb":"create","cancelRequested":false,"apiVersion":"v2","requestResource":{"@type":"type.googleapis.com/google.cloud.functions.v2.Function","name":"projects/greenblock-app/locations/us-central1/functions/chat","buildConfig":{"runtime":"nodejs24","entryPoint":"chat","source":{"storageSource":{"bucket":"gcf-v2-sources-687853390954-us-central1","object":"chat/function-source.zip","generation":"1782407991925048"}},"environmentVariables":{"GOOGLE_NODE_RUN_SCRIPTS":""},"serviceAccount":"projects/greenblock-app/serviceAccounts/687853390954-compute@developer.gserviceaccount.com","automaticUpdatePolicy":{}},"serviceConfig":{"service":"projects/greenblock-app/locations/us-central1/services/chat","timeoutSeconds":60,"environmentVariables":{"FIREBASE_CONFIG":"{\"projectId\":\"greenblock-app\",\"storageBucket\":\"greenblock-app.firebasestorage.app\"}","GCLOUD_PROJECT":"greenblock-app","EVENTARC_CLOUD_EVENT_SOURCE":"projects/greenblock-app/locations/us-central1/services/chat","FUNCTION_TARGET":"chat","LOG_EXECUTION_ID":"true"},"maxInstanceCount":10,"ingressSettings":"ALLOW_ALL","serviceAccountEmail":"687853390954-compute@developer.gserviceaccount.com","availableMemory":"256Mi","secretEnvironmentVariables":[{"key":"OPENROUTER_API_KEY","projectId":"greenblock-app","secret":"OPENROUTER_API_KEY","version":"1"}],"maxInstanceRequestConcurrency":80,"availableCpu":"1"},"labels":{"deployment-tool":"cli-firebase","firebase-functions-hash":"cb4eea45354def00312516254dccf6abbb21155a"},"environment":"GEN_2"},"stages":[{"name":"BUILD","state":"NOT_STARTED"},{"name":"SERVICE","state":"NOT_STARTED"}],"operationType":"CREATE_FUNCTION"},"done":false}
[debug] [2026-06-25T17:19:54.524Z] [create-default-us-central1-chat] Retrying task index 0
[debug] [2026-06-25T17:19:54.524Z] Checked if tokens are valid: true, expires at: 1782410255782
[debug] [2026-06-25T17:19:54.524Z] Checked if tokens are valid: true, expires at: 1782410255782
[debug] [2026-06-25T17:19:54.525Z] >>> [apiv2][query] GET https://cloudfunctions.googleapis.com/v2/projects/greenblock-app/locations/us-central1/operations/operation-1782407990857-655173323cda5-847bc8ac-1a13e2ea [none]
[debug] [2026-06-25T17:19:54.834Z] <<< [apiv2][status] GET https://cloudfunctions.googleapis.com/v2/projects/greenblock-app/locations/us-central1/operations/operation-1782407990857-655173323cda5-847bc8ac-1a13e2ea 200
[debug] [2026-06-25T17:19:54.834Z] <<< [apiv2][body] GET https://cloudfunctions.googleapis.com/v2/projects/greenblock-app/locations/us-central1/operations/operation-1782407990857-655173323cda5-847bc8ac-1a13e2ea {"name":"projects/greenblock-app/locations/us-central1/operations/operation-1782407990857-655173323cda5-847bc8ac-1a13e2ea","metadata":{"@type":"type.googleapis.com/google.cloud.functions.v2.OperationMetadata","createTime":"2026-06-25T17:19:52.357795422Z","target":"projects/greenblock-app/locations/us-central1/functions/chat","verb":"create","cancelRequested":false,"apiVersion":"v2","requestResource":{"@type":"type.googleapis.com/google.cloud.functions.v2.Function","name":"projects/greenblock-app/locations/us-central1/functions/chat","buildConfig":{"runtime":"nodejs24","entryPoint":"chat","source":{"storageSource":{"bucket":"gcf-v2-sources-687853390954-us-central1","object":"chat/function-source.zip","generation":"1782407991925048"}},"environmentVariables":{"GOOGLE_NODE_RUN_SCRIPTS":""},"serviceAccount":"projects/greenblock-app/serviceAccounts/687853390954-compute@developer.gserviceaccount.com","automaticUpdatePolicy":{}},"serviceConfig":{"service":"projects/greenblock-app/locations/us-central1/services/chat","timeoutSeconds":60,"environmentVariables":{"FIREBASE_CONFIG":"{\"projectId\":\"greenblock-app\",\"storageBucket\":\"greenblock-app.firebasestorage.app\"}","GCLOUD_PROJECT":"greenblock-app","EVENTARC_CLOUD_EVENT_SOURCE":"projects/greenblock-app/locations/us-central1/services/chat","FUNCTION_TARGET":"chat","LOG_EXECUTION_ID":"true"},"maxInstanceCount":10,"ingressSettings":"ALLOW_ALL","serviceAccountEmail":"687853390954-compute@developer.gserviceaccount.com","availableMemory":"256Mi","secretEnvironmentVariables":[{"key":"OPENROUTER_API_KEY","projectId":"greenblock-app","secret":"OPENROUTER_API_KEY","version":"1"}],"maxInstanceRequestConcurrency":80,"availableCpu":"1"},"labels":{"deployment-tool":"cli-firebase","firebase-functions-hash":"cb4eea45354def00312516254dccf6abbb21155a"},"environment":"GEN_2"},"stages":[{"name":"BUILD","state":"NOT_STARTED"},{"name":"SERVICE","state":"NOT_STARTED"}],"operationType":"CREATE_FUNCTION"},"done":false}
[debug] [2026-06-25T17:19:56.836Z] [create-default-us-central1-chat] Retrying task index 0
[debug] [2026-06-25T17:19:56.836Z] Checked if tokens are valid: true, expires at: 1782410255782
[debug] [2026-06-25T17:19:56.836Z] Checked if tokens are valid: true, expires at: 1782410255782
[debug] [2026-06-25T17:19:56.836Z] >>> [apiv2][query] GET https://cloudfunctions.googleapis.com/v2/projects/greenblock-app/locations/us-central1/operations/operation-1782407990857-655173323cda5-847bc8ac-1a13e2ea [none]
[debug] [2026-06-25T17:19:57.154Z] <<< [apiv2][status] GET https://cloudfunctions.googleapis.com/v2/projects/greenblock-app/locations/us-central1/operations/operation-1782407990857-655173323cda5-847bc8ac-1a13e2ea 200
[debug] [2026-06-25T17:19:57.155Z] <<< [apiv2][body] GET https://cloudfunctions.googleapis.com/v2/projects/greenblock-app/locations/us-central1/operations/operation-1782407990857-655173323cda5-847bc8ac-1a13e2ea {"name":"projects/greenblock-app/locations/us-central1/operations/operation-1782407990857-655173323cda5-847bc8ac-1a13e2ea","metadata":{"@type":"type.googleapis.com/google.cloud.functions.v2.OperationMetadata","createTime":"2026-06-25T17:19:52.357795422Z","target":"projects/greenblock-app/locations/us-central1/functions/chat","verb":"create","cancelRequested":false,"apiVersion":"v2","requestResource":{"@type":"type.googleapis.com/google.cloud.functions.v2.Function","name":"projects/greenblock-app/locations/us-central1/functions/chat","buildConfig":{"runtime":"nodejs24","entryPoint":"chat","source":{"storageSource":{"bucket":"gcf-v2-sources-687853390954-us-central1","object":"chat/function-source.zip","generation":"1782407991925048"}},"environmentVariables":{"GOOGLE_NODE_RUN_SCRIPTS":""},"serviceAccount":"projects/greenblock-app/serviceAccounts/687853390954-compute@developer.gserviceaccount.com","automaticUpdatePolicy":{}},"serviceConfig":{"service":"projects/greenblock-app/locations/us-central1/services/chat","timeoutSeconds":60,"environmentVariables":{"FIREBASE_CONFIG":"{\"projectId\":\"greenblock-app\",\"storageBucket\":\"greenblock-app.firebasestorage.app\"}","GCLOUD_PROJECT":"greenblock-app","EVENTARC_CLOUD_EVENT_SOURCE":"projects/greenblock-app/locations/us-central1/services/chat","FUNCTION_TARGET":"chat","LOG_EXECUTION_ID":"true"},"maxInstanceCount":10,"ingressSettings":"ALLOW_ALL","serviceAccountEmail":"687853390954-compute@developer.gserviceaccount.com","availableMemory":"256Mi","secretEnvironmentVariables":[{"key":"OPENROUTER_API_KEY","projectId":"greenblock-app","secret":"OPENROUTER_API_KEY","version":"1"}],"maxInstanceRequestConcurrency":80,"availableCpu":"1"},"labels":{"deployment-tool":"cli-firebase","firebase-functions-hash":"cb4eea45354def00312516254dccf6abbb21155a"},"environment":"GEN_2"},"stages":[{"name":"BUILD","state":"NOT_STARTED"},{"name":"SERVICE","state":"NOT_STARTED"}],"operationType":"CREATE_FUNCTION"},"done":false}
[debug] [2026-06-25T17:20:01.155Z] [create-default-us-central1-chat] Retrying task index 0
[debug] [2026-06-25T17:20:01.156Z] Checked if tokens are valid: true, expires at: 1782410255782
[debug] [2026-06-25T17:20:01.156Z] Checked if tokens are valid: true, expires at: 1782410255782
[debug] [2026-06-25T17:20:01.156Z] >>> [apiv2][query] GET https://cloudfunctions.googleapis.com/v2/projects/greenblock-app/locations/us-central1/operations/operation-1782407990857-655173323cda5-847bc8ac-1a13e2ea [none]
[debug] [2026-06-25T17:20:01.295Z] <<< [apiv2][status] GET https://cloudfunctions.googleapis.com/v2/projects/greenblock-app/locations/us-central1/operations/operation-1782407990857-655173323cda5-847bc8ac-1a13e2ea 200
[debug] [2026-06-25T17:20:01.295Z] <<< [apiv2][body] GET https://cloudfunctions.googleapis.com/v2/projects/greenblock-app/locations/us-central1/operations/operation-1782407990857-655173323cda5-847bc8ac-1a13e2ea {"name":"projects/greenblock-app/locations/us-central1/operations/operation-1782407990857-655173323cda5-847bc8ac-1a13e2ea","metadata":{"@type":"type.googleapis.com/google.cloud.functions.v2.OperationMetadata","createTime":"2026-06-25T17:19:52.357795422Z","target":"projects/greenblock-app/locations/us-central1/functions/chat","verb":"create","cancelRequested":false,"apiVersion":"v2","requestResource":{"@type":"type.googleapis.com/google.cloud.functions.v2.Function","name":"projects/greenblock-app/locations/us-central1/functions/chat","buildConfig":{"runtime":"nodejs24","entryPoint":"chat","source":{"storageSource":{"bucket":"gcf-v2-sources-687853390954-us-central1","object":"chat/function-source.zip","generation":"1782407991925048"}},"environmentVariables":{"GOOGLE_NODE_RUN_SCRIPTS":""},"serviceAccount":"projects/greenblock-app/serviceAccounts/687853390954-compute@developer.gserviceaccount.com","automaticUpdatePolicy":{}},"serviceConfig":{"service":"projects/greenblock-app/locations/us-central1/services/chat","timeoutSeconds":60,"environmentVariables":{"FIREBASE_CONFIG":"{\"projectId\":\"greenblock-app\",\"storageBucket\":\"greenblock-app.firebasestorage.app\"}","GCLOUD_PROJECT":"greenblock-app","EVENTARC_CLOUD_EVENT_SOURCE":"projects/greenblock-app/locations/us-central1/services/chat","FUNCTION_TARGET":"chat","LOG_EXECUTION_ID":"true"},"maxInstanceCount":10,"ingressSettings":"ALLOW_ALL","serviceAccountEmail":"687853390954-compute@developer.gserviceaccount.com","availableMemory":"256Mi","secretEnvironmentVariables":[{"key":"OPENROUTER_API_KEY","projectId":"greenblock-app","secret":"OPENROUTER_API_KEY","version":"1"}],"maxInstanceRequestConcurrency":80,"availableCpu":"1"},"labels":{"deployment-tool":"cli-firebase","firebase-functions-hash":"cb4eea45354def00312516254dccf6abbb21155a"},"environment":"GEN_2"},"stages":[{"name":"BUILD","state":"NOT_STARTED"},{"name":"SERVICE","state":"NOT_STARTED"}],"operationType":"CREATE_FUNCTION"},"done":false}
[debug] [2026-06-25T17:20:09.296Z] [create-default-us-central1-chat] Retrying task index 0
[debug] [2026-06-25T17:20:09.297Z] Checked if tokens are valid: true, expires at: 1782410255782
[debug] [2026-06-25T17:20:09.297Z] Checked if tokens are valid: true, expires at: 1782410255782
[debug] [2026-06-25T17:20:09.297Z] >>> [apiv2][query] GET https://cloudfunctions.googleapis.com/v2/projects/greenblock-app/locations/us-central1/operations/operation-1782407990857-655173323cda5-847bc8ac-1a13e2ea [none]
[debug] [2026-06-25T17:20:09.723Z] <<< [apiv2][status] GET https://cloudfunctions.googleapis.com/v2/projects/greenblock-app/locations/us-central1/operations/operation-1782407990857-655173323cda5-847bc8ac-1a13e2ea 200
[debug] [2026-06-25T17:20:09.723Z] <<< [apiv2][body] GET https://cloudfunctions.googleapis.com/v2/projects/greenblock-app/locations/us-central1/operations/operation-1782407990857-655173323cda5-847bc8ac-1a13e2ea {"name":"projects/greenblock-app/locations/us-central1/operations/operation-1782407990857-655173323cda5-847bc8ac-1a13e2ea","metadata":{"@type":"type.googleapis.com/google.cloud.functions.v2.OperationMetadata","createTime":"2026-06-25T17:19:52.357795422Z","target":"projects/greenblock-app/locations/us-central1/functions/chat","verb":"create","cancelRequested":false,"apiVersion":"v2","requestResource":{"@type":"type.googleapis.com/google.cloud.functions.v2.Function","name":"projects/greenblock-app/locations/us-central1/functions/chat","buildConfig":{"runtime":"nodejs24","entryPoint":"chat","source":{"storageSource":{"bucket":"gcf-v2-sources-687853390954-us-central1","object":"chat/function-source.zip","generation":"1782407991925048"}},"environmentVariables":{"GOOGLE_NODE_RUN_SCRIPTS":""},"serviceAccount":"projects/greenblock-app/serviceAccounts/687853390954-compute@developer.gserviceaccount.com","automaticUpdatePolicy":{}},"serviceConfig":{"service":"projects/greenblock-app/locations/us-central1/services/chat","timeoutSeconds":60,"environmentVariables":{"FIREBASE_CONFIG":"{\"projectId\":\"greenblock-app\",\"storageBucket\":\"greenblock-app.firebasestorage.app\"}","GCLOUD_PROJECT":"greenblock-app","EVENTARC_CLOUD_EVENT_SOURCE":"projects/greenblock-app/locations/us-central1/services/chat","FUNCTION_TARGET":"chat","LOG_EXECUTION_ID":"true"},"maxInstanceCount":10,"ingressSettings":"ALLOW_ALL","serviceAccountEmail":"687853390954-compute@developer.gserviceaccount.com","availableMemory":"256Mi","secretEnvironmentVariables":[{"key":"OPENROUTER_API_KEY","projectId":"greenblock-app","secret":"OPENROUTER_API_KEY","version":"1"}],"maxInstanceRequestConcurrency":80,"availableCpu":"1"},"labels":{"deployment-tool":"cli-firebase","firebase-functions-hash":"cb4eea45354def00312516254dccf6abbb21155a"},"environment":"GEN_2"},"stages":[{"name":"BUILD","message":"Build in progress","state":"IN_PROGRESS","resource":"projects/687853390954/locations/us-central1/builds/781fec44-1c56-4663-9f9b-09090c063c93","resourceUri":"https://console.cloud.google.com/cloud-build/builds;region=us-central1/781fec44-1c56-4663-9f9b-09090c063c93?project=687853390954"},{"name":"SERVICE","state":"NOT_STARTED"}],"operationType":"CREATE_FUNCTION","buildName":"projects/687853390954/locations/us-central1/builds/781fec44-1c56-4663-9f9b-09090c063c93"},"done":false}
[debug] [2026-06-25T17:20:19.723Z] [create-default-us-central1-chat] Retrying task index 0
[debug] [2026-06-25T17:20:19.724Z] Checked if tokens are valid: true, expires at: 1782410255782
[debug] [2026-06-25T17:20:19.724Z] Checked if tokens are valid: true, expires at: 1782410255782
[debug] [2026-06-25T17:20:19.724Z] >>> [apiv2][query] GET https://cloudfunctions.googleapis.com/v2/projects/greenblock-app/locations/us-central1/operations/operation-1782407990857-655173323cda5-847bc8ac-1a13e2ea [none]
[debug] [2026-06-25T17:20:20.197Z] <<< [apiv2][status] GET https://cloudfunctions.googleapis.com/v2/projects/greenblock-app/locations/us-central1/operations/operation-1782407990857-655173323cda5-847bc8ac-1a13e2ea 200
[debug] [2026-06-25T17:20:20.197Z] <<< [apiv2][body] GET https://cloudfunctions.googleapis.com/v2/projects/greenblock-app/locations/us-central1/operations/operation-1782407990857-655173323cda5-847bc8ac-1a13e2ea {"name":"projects/greenblock-app/locations/us-central1/operations/operation-1782407990857-655173323cda5-847bc8ac-1a13e2ea","metadata":{"@type":"type.googleapis.com/google.cloud.functions.v2.OperationMetadata","createTime":"2026-06-25T17:19:52.357795422Z","target":"projects/greenblock-app/locations/us-central1/functions/chat","verb":"create","cancelRequested":false,"apiVersion":"v2","requestResource":{"@type":"type.googleapis.com/google.cloud.functions.v2.Function","name":"projects/greenblock-app/locations/us-central1/functions/chat","buildConfig":{"runtime":"nodejs24","entryPoint":"chat","source":{"storageSource":{"bucket":"gcf-v2-sources-687853390954-us-central1","object":"chat/function-source.zip","generation":"1782407991925048"}},"environmentVariables":{"GOOGLE_NODE_RUN_SCRIPTS":""},"serviceAccount":"projects/greenblock-app/serviceAccounts/687853390954-compute@developer.gserviceaccount.com","automaticUpdatePolicy":{}},"serviceConfig":{"service":"projects/greenblock-app/locations/us-central1/services/chat","timeoutSeconds":60,"environmentVariables":{"FIREBASE_CONFIG":"{\"projectId\":\"greenblock-app\",\"storageBucket\":\"greenblock-app.firebasestorage.app\"}","GCLOUD_PROJECT":"greenblock-app","EVENTARC_CLOUD_EVENT_SOURCE":"projects/greenblock-app/locations/us-central1/services/chat","FUNCTION_TARGET":"chat","LOG_EXECUTION_ID":"true"},"maxInstanceCount":10,"ingressSettings":"ALLOW_ALL","serviceAccountEmail":"687853390954-compute@developer.gserviceaccount.com","availableMemory":"256Mi","secretEnvironmentVariables":[{"key":"OPENROUTER_API_KEY","projectId":"greenblock-app","secret":"OPENROUTER_API_KEY","version":"1"}],"maxInstanceRequestConcurrency":80,"availableCpu":"1"},"labels":{"deployment-tool":"cli-firebase","firebase-functions-hash":"cb4eea45354def00312516254dccf6abbb21155a"},"environment":"GEN_2"},"stages":[{"name":"BUILD","message":"Build in progress","state":"IN_PROGRESS","resource":"projects/687853390954/locations/us-central1/builds/781fec44-1c56-4663-9f9b-09090c063c93","resourceUri":"https://console.cloud.google.com/cloud-build/builds;region=us-central1/781fec44-1c56-4663-9f9b-09090c063c93?project=687853390954"},{"name":"SERVICE","state":"NOT_STARTED"}],"operationType":"CREATE_FUNCTION","buildName":"projects/687853390954/locations/us-central1/builds/781fec44-1c56-4663-9f9b-09090c063c93"},"done":false}
[debug] [2026-06-25T17:20:30.198Z] [create-default-us-central1-chat] Retrying task index 0
[debug] [2026-06-25T17:20:30.198Z] Checked if tokens are valid: true, expires at: 1782410255782
[debug] [2026-06-25T17:20:30.198Z] Checked if tokens are valid: true, expires at: 1782410255782
[debug] [2026-06-25T17:20:30.199Z] >>> [apiv2][query] GET https://cloudfunctions.googleapis.com/v2/projects/greenblock-app/locations/us-central1/operations/operation-1782407990857-655173323cda5-847bc8ac-1a13e2ea [none]
[debug] [2026-06-25T17:20:30.665Z] <<< [apiv2][status] GET https://cloudfunctions.googleapis.com/v2/projects/greenblock-app/locations/us-central1/operations/operation-1782407990857-655173323cda5-847bc8ac-1a13e2ea 200
[debug] [2026-06-25T17:20:30.665Z] <<< [apiv2][body] GET https://cloudfunctions.googleapis.com/v2/projects/greenblock-app/locations/us-central1/operations/operation-1782407990857-655173323cda5-847bc8ac-1a13e2ea {"name":"projects/greenblock-app/locations/us-central1/operations/operation-1782407990857-655173323cda5-847bc8ac-1a13e2ea","metadata":{"@type":"type.googleapis.com/google.cloud.functions.v2.OperationMetadata","createTime":"2026-06-25T17:19:52.357795422Z","target":"projects/greenblock-app/locations/us-central1/functions/chat","verb":"create","cancelRequested":false,"apiVersion":"v2","requestResource":{"@type":"type.googleapis.com/google.cloud.functions.v2.Function","name":"projects/greenblock-app/locations/us-central1/functions/chat","buildConfig":{"runtime":"nodejs24","entryPoint":"chat","source":{"storageSource":{"bucket":"gcf-v2-sources-687853390954-us-central1","object":"chat/function-source.zip","generation":"1782407991925048"}},"environmentVariables":{"GOOGLE_NODE_RUN_SCRIPTS":""},"serviceAccount":"projects/greenblock-app/serviceAccounts/687853390954-compute@developer.gserviceaccount.com","automaticUpdatePolicy":{}},"serviceConfig":{"service":"projects/greenblock-app/locations/us-central1/services/chat","timeoutSeconds":60,"environmentVariables":{"FIREBASE_CONFIG":"{\"projectId\":\"greenblock-app\",\"storageBucket\":\"greenblock-app.firebasestorage.app\"}","GCLOUD_PROJECT":"greenblock-app","EVENTARC_CLOUD_EVENT_SOURCE":"projects/greenblock-app/locations/us-central1/services/chat","FUNCTION_TARGET":"chat","LOG_EXECUTION_ID":"true"},"maxInstanceCount":10,"ingressSettings":"ALLOW_ALL","serviceAccountEmail":"687853390954-compute@developer.gserviceaccount.com","availableMemory":"256Mi","secretEnvironmentVariables":[{"key":"OPENROUTER_API_KEY","projectId":"greenblock-app","secret":"OPENROUTER_API_KEY","version":"1"}],"maxInstanceRequestConcurrency":80,"availableCpu":"1"},"labels":{"deployment-tool":"cli-firebase","firebase-functions-hash":"cb4eea45354def00312516254dccf6abbb21155a"},"environment":"GEN_2"},"stages":[{"name":"BUILD","message":"Build in progress","state":"IN_PROGRESS","resource":"projects/687853390954/locations/us-central1/builds/781fec44-1c56-4663-9f9b-09090c063c93","resourceUri":"https://console.cloud.google.com/cloud-build/builds;region=us-central1/781fec44-1c56-4663-9f9b-09090c063c93?project=687853390954"},{"name":"SERVICE","state":"NOT_STARTED"}],"operationType":"CREATE_FUNCTION","buildName":"projects/687853390954/locations/us-central1/builds/781fec44-1c56-4663-9f9b-09090c063c93"},"done":false}
[debug] [2026-06-25T17:20:40.666Z] [create-default-us-central1-chat] Retrying task index 0
[debug] [2026-06-25T17:20:40.666Z] Checked if tokens are valid: true, expires at: 1782410255782
[debug] [2026-06-25T17:20:40.667Z] Checked if tokens are valid: true, expires at: 1782410255782
[debug] [2026-06-25T17:20:40.667Z] >>> [apiv2][query] GET https://cloudfunctions.googleapis.com/v2/projects/greenblock-app/locations/us-central1/operations/operation-1782407990857-655173323cda5-847bc8ac-1a13e2ea [none]
[debug] [2026-06-25T17:20:41.083Z] <<< [apiv2][status] GET https://cloudfunctions.googleapis.com/v2/projects/greenblock-app/locations/us-central1/operations/operation-1782407990857-655173323cda5-847bc8ac-1a13e2ea 200
[debug] [2026-06-25T17:20:41.083Z] <<< [apiv2][body] GET https://cloudfunctions.googleapis.com/v2/projects/greenblock-app/locations/us-central1/operations/operation-1782407990857-655173323cda5-847bc8ac-1a13e2ea {"name":"projects/greenblock-app/locations/us-central1/operations/operation-1782407990857-655173323cda5-847bc8ac-1a13e2ea","metadata":{"@type":"type.googleapis.com/google.cloud.functions.v2.OperationMetadata","createTime":"2026-06-25T17:19:52.357795422Z","endTime":"2026-06-25T17:20:37.308487041Z","target":"projects/greenblock-app/locations/us-central1/functions/chat","verb":"create","cancelRequested":false,"apiVersion":"v2","requestResource":{"@type":"type.googleapis.com/google.cloud.functions.v2.Function","name":"projects/greenblock-app/locations/us-central1/functions/chat","buildConfig":{"runtime":"nodejs24","entryPoint":"chat","source":{"storageSource":{"bucket":"gcf-v2-sources-687853390954-us-central1","object":"chat/function-source.zip","generation":"1782407991925048"}},"environmentVariables":{"GOOGLE_NODE_RUN_SCRIPTS":""},"serviceAccount":"projects/greenblock-app/serviceAccounts/687853390954-compute@developer.gserviceaccount.com","automaticUpdatePolicy":{}},"serviceConfig":{"service":"projects/greenblock-app/locations/us-central1/services/chat","timeoutSeconds":60,"environmentVariables":{"FIREBASE_CONFIG":"{\"projectId\":\"greenblock-app\",\"storageBucket\":\"greenblock-app.firebasestorage.app\"}","GCLOUD_PROJECT":"greenblock-app","EVENTARC_CLOUD_EVENT_SOURCE":"projects/greenblock-app/locations/us-central1/services/chat","FUNCTION_TARGET":"chat","LOG_EXECUTION_ID":"true"},"maxInstanceCount":10,"ingressSettings":"ALLOW_ALL","serviceAccountEmail":"687853390954-compute@developer.gserviceaccount.com","availableMemory":"256Mi","secretEnvironmentVariables":[{"key":"OPENROUTER_API_KEY","projectId":"greenblock-app","secret":"OPENROUTER_API_KEY","version":"1"}],"maxInstanceRequestConcurrency":80,"availableCpu":"1"},"labels":{"deployment-tool":"cli-firebase","firebase-functions-hash":"cb4eea45354def00312516254dccf6abbb21155a"},"environment":"GEN_2"},"stages":[{"name":"ARTIFACT_REGISTRY","message":"Deleting function artifacts in Artifact Registry","state":"COMPLETE"},{"name":"SERVICE","message":"Deleting Cloud Run service","state":"COMPLETE","resource":"projects/greenblock-app/locations/us-central1/services/chat"}],"operationType":"CREATE_FUNCTION"},"done":true,"error":{"code":3,"message":"Build failed with status: FAILURE. Could not build the function due to a missing permission on the build service account. If you didn't revoke that permission explicitly, this could be caused by a change in the organization policies. Please refer to the following documentation for more details and resolution: https://cloud.google.com/functions/docs/troubleshooting#build-service-account\n You can also view the logs at https://console.cloud.google.com/cloud-build/builds;region=us-central1/781fec44-1c56-4663-9f9b-09090c063c93?project=687853390954.\n"}}
[debug] [2026-06-25T17:20:41.084Z] Got source token undefined for region us-central1
[error] Build failed with status: FAILURE. Could not build the function due to a missing permission on the build service account. If you didn't revoke that permission explicitly, this could be caused by a change in the organization policies. Please refer to the following documentation for more details and resolution: https://cloud.google.com/functions/docs/troubleshooting#build-service-account
 You can also view the logs at https://console.cloud.google.com/cloud-build/builds;region=us-central1/781fec44-1c56-4663-9f9b-09090c063c93?project=687853390954.

[warn] ⚠  functions: Deploys failed. Skipping deletes. 
[debug] [2026-06-25T17:20:41.091Z] Total Function Deployment time: 50567
[debug] [2026-06-25T17:20:41.091Z] 1 Functions Deployed
[debug] [2026-06-25T17:20:41.091Z] 1 Functions Errored
[debug] [2026-06-25T17:20:41.091Z] 0 Function Deployments Aborted
[debug] [2026-06-25T17:20:41.091Z] Average Function Deployment time: 50566
[info] 
[info] Functions deploy had errors with the following functions:
	chat(us-central1)
[debug] [2026-06-25T17:20:41.091Z] Not printing URL for HTTPS function. Typically this means it didn't match a filter or we failed deployment
[debug] [2026-06-25T17:20:41.091Z] Not printing URL for HTTPS function. Typically this means it didn't match a filter or we failed deployment
[debug] [2026-06-25T17:20:41.091Z] Not printing URL for HTTPS function. Typically this means it didn't match a filter or we failed deployment
[debug] [2026-06-25T17:20:41.091Z] Not printing URL for HTTPS function. Typically this means it didn't match a filter or we failed deployment
[debug] [2026-06-25T17:20:41.092Z] Not printing URL for HTTPS function. Typically this means it didn't match a filter or we failed deployment
[debug] [2026-06-25T17:20:41.092Z] Not printing URL for HTTPS function. Typically this means it didn't match a filter or we failed deployment
[debug] [2026-06-25T17:20:41.092Z] Not printing URL for HTTPS function. Typically this means it didn't match a filter or we failed deployment
[debug] [2026-06-25T17:20:41.092Z] Not printing URL for HTTPS function. Typically this means it didn't match a filter or we failed deployment
[debug] [2026-06-25T17:20:41.092Z] Not printing URL for HTTPS function. Typically this means it didn't match a filter or we failed deployment
[debug] [2026-06-25T17:20:41.092Z] Not printing URL for HTTPS function. Typically this means it didn't match a filter or we failed deployment
[debug] [2026-06-25T17:20:41.092Z] Not printing URL for HTTPS function. Typically this means it didn't match a filter or we failed deployment
[debug] [2026-06-25T17:20:41.092Z] Not printing URL for HTTPS function. Typically this means it didn't match a filter or we failed deployment
[debug] [2026-06-25T17:20:41.092Z] Not printing URL for HTTPS function. Typically this means it didn't match a filter or we failed deployment
[debug] [2026-06-25T17:20:41.092Z] Not printing URL for HTTPS function. Typically this means it didn't match a filter or we failed deployment
[debug] [2026-06-25T17:20:41.092Z] Not printing URL for HTTPS function. Typically this means it didn't match a filter or we failed deployment
[debug] [2026-06-25T17:20:41.092Z] Not printing URL for HTTPS function. Typically this means it didn't match a filter or we failed deployment
[debug] [2026-06-25T17:20:41.092Z] Checked if tokens are valid: true, expires at: 1782410255782
[debug] [2026-06-25T17:20:41.092Z] Checked if tokens are valid: true, expires at: 1782410255782
[debug] [2026-06-25T17:20:41.092Z] >>> [apiv2][query] GET https://artifactregistry.googleapis.com/v1/projects/greenblock-app/locations/us-central1/repositories/gcf-artifacts [none]
[debug] [2026-06-25T17:20:41.689Z] <<< [apiv2][status] GET https://artifactregistry.googleapis.com/v1/projects/greenblock-app/locations/us-central1/repositories/gcf-artifacts 200
[debug] [2026-06-25T17:20:41.689Z] <<< [apiv2][body] GET https://artifactregistry.googleapis.com/v1/projects/greenblock-app/locations/us-central1/repositories/gcf-artifacts {"name":"projects/greenblock-app/locations/us-central1/repositories/gcf-artifacts","format":"DOCKER","description":"This repository is created and used by Cloud Functions for storing function docker images.","labels":{"goog-managed-by":"cloudfunctions"},"createTime":"2026-06-25T17:20:03.461382Z","updateTime":"2026-06-25T17:20:03.461382Z","mode":"STANDARD_REPOSITORY","vulnerabilityScanningConfig":{"lastEnableTime":"2026-06-25T17:19:52.583759702Z","enablementState":"SCANNING_DISABLED","enablementStateReason":"API containerscanning.googleapis.com is not enabled."},"satisfiesPzi":true,"registryUri":"us-central1-docker.pkg.dev/greenblock-app/gcf-artifacts"}
[warn] ⚠  functions: No cleanup policy detected for repositories in us-central1. This may result in a small monthly bill as container images accumulate over time. 
[info] i  functions: Configuring cleanup policy for repository in us-central1. Images older than 1 days will be automatically deleted. 
[debug] [2026-06-25T17:20:53.860Z] Setting up artifact cleanup policy for region us-central1
[debug] [2026-06-25T17:20:53.860Z] Checked if tokens are valid: true, expires at: 1782410255782
[debug] [2026-06-25T17:20:53.860Z] Checked if tokens are valid: true, expires at: 1782410255782
[debug] [2026-06-25T17:20:53.860Z] >>> [apiv2][query] PATCH https://artifactregistry.googleapis.com/v1/projects/greenblock-app/locations/us-central1/repositories/gcf-artifacts updateMask=name%2CcleanupPolicies%2CcleanupPolicyDryRun%2Clabels
[debug] [2026-06-25T17:20:53.860Z] >>> [apiv2][body] PATCH https://artifactregistry.googleapis.com/v1/projects/greenblock-app/locations/us-central1/repositories/gcf-artifacts {"name":"projects/greenblock-app/locations/us-central1/repositories/gcf-artifacts","cleanupPolicies":{"firebase-functions-cleanup":{"id":"firebase-functions-cleanup","condition":{"tagState":"ANY","olderThan":"86400s"},"action":"DELETE"}},"cleanupPolicyDryRun":false,"labels":{"goog-managed-by":"cloudfunctions"}}
[debug] [2026-06-25T17:20:54.449Z] <<< [apiv2][status] PATCH https://artifactregistry.googleapis.com/v1/projects/greenblock-app/locations/us-central1/repositories/gcf-artifacts 200
[debug] [2026-06-25T17:20:54.449Z] <<< [apiv2][body] PATCH https://artifactregistry.googleapis.com/v1/projects/greenblock-app/locations/us-central1/repositories/gcf-artifacts {"name":"projects/greenblock-app/locations/us-central1/repositories/gcf-artifacts","format":"DOCKER","description":"This repository is created and used by Cloud Functions for storing function docker images.","labels":{"goog-managed-by":"cloudfunctions"},"createTime":"2026-06-25T17:20:03.461382Z","updateTime":"2026-06-25T17:20:54.396051Z","mode":"STANDARD_REPOSITORY","cleanupPolicies":{"firebase-functions-cleanup":{"id":"firebase-functions-cleanup","action":"DELETE","condition":{"tagState":"ANY","olderThan":"86400s"}}},"vulnerabilityScanningConfig":{"lastEnableTime":"2026-06-25T17:19:52.583759702Z","enablementState":"SCANNING_DISABLED","enablementStateReason":"API containerscanning.googleapis.com is not enabled."},"satisfiesPzi":true}
[info] i  functions: Configured cleanup policy for repository in us-central1. 
[debug] [2026-06-25T17:20:54.449Z] Functions deploy failed.
[debug] [2026-06-25T17:20:54.449Z] {
  "endpoint": {
    "id": "chat",
    "project": "greenblock-app",
    "region": "us-central1",
    "entryPoint": "chat",
    "platform": "gcfv2",
    "runtime": "nodejs24",
    "httpsTrigger": {},
    "labels": {
      "deployment-tool": "cli-firebase"
    },
    "secretEnvironmentVariables": [
      {
        "key": "OPENROUTER_API_KEY",
        "secret": "OPENROUTER_API_KEY",
        "projectId": "greenblock-app",
        "version": "1"
      }
    ],
    "serviceAccount": null,
    "ingressSettings": null,
    "availableMemoryMb": null,
    "timeoutSeconds": null,
    "maxInstances": 10,
    "minInstances": null,
    "concurrency": 80,
    "vpc": null,
    "environmentVariables": {
      "FIREBASE_CONFIG": "{\"projectId\":\"greenblock-app\",\"storageBucket\":\"greenblock-app.firebasestorage.app\"}",
      "GCLOUD_PROJECT": "greenblock-app",
      "EVENTARC_CLOUD_EVENT_SOURCE": "projects/greenblock-app/locations/us-central1/services/chat"
    },
    "codebase": "default",
    "cpu": 1,
    "targetedByOnly": true,
    "hash": "cb4eea45354def00312516254dccf6abbb21155a"
  },
  "op": "create",
  "original": {
    "name": "FirebaseError",
    "children": [],
    "exit": 1,
    "message": "Build failed with status: FAILURE. Could not build the function due to a missing permission on the build service account. If you didn't revoke that permission explicitly, this could be caused by a change in the organization policies. Please refer to the following documentation for more details and resolution: https://cloud.google.com/functions/docs/troubleshooting#build-service-account\n You can also view the logs at https://console.cloud.google.com/cloud-build/builds;region=us-central1/781fec44-1c56-4663-9f9b-09090c063c93?project=687853390954.\n",
    "original": {
      "code": 3,
      "message": "Build failed with status: FAILURE. Could not build the function due to a missing permission on the build service account. If you didn't revoke that permission explicitly, this could be caused by a change in the organization policies. Please refer to the following documentation for more details and resolution: https://cloud.google.com/functions/docs/troubleshooting#build-service-account\n You can also view the logs at https://console.cloud.google.com/cloud-build/builds;region=us-central1/781fec44-1c56-4663-9f9b-09090c063c93?project=687853390954.\n"
    },
    "status": 3,
    "code": 3
  }
}
[debug] [2026-06-25T17:20:54.450Z] Error: Failed to create function chat in region us-central1
    at /opt/homebrew/lib/node_modules/firebase-tools/lib/deploy/functions/release/fabricator.js:332:27
    at process.processTicksAndRejections (node:internal/process/task_queues:105:5)
    at async Fabricator.createV2Function (/opt/homebrew/lib/node_modules/firebase-tools/lib/deploy/functions/release/fabricator.js:311:30)
    at async Fabricator.createEndpoint (/opt/homebrew/lib/node_modules/firebase-tools/lib/deploy/functions/release/fabricator.js:153:13)
    at async Fabricator.wrapOperation (/opt/homebrew/lib/node_modules/firebase-tools/lib/deploy/functions/release/fabricator.js:138:13)
    at async Promise.all (index 0)
    at async Promise.allSettled (index 0)
    at async Fabricator.applyPlan (/opt/homebrew/lib/node_modules/firebase-tools/lib/deploy/functions/release/fabricator.js:77:45)
    at async release (/opt/homebrew/lib/node_modules/firebase-tools/lib/deploy/functions/release/index.js:86:21)
    at async chain (/opt/homebrew/lib/node_modules/firebase-tools/lib/deploy/index.js:45:9)
[error] 
[error] Error: There was an error deploying functions
